Microchip MPLAB XC8 Compiler V1.36 ()

Linker command line:

--edf=/opt/microchip/xc8/v1.36/dat/en_msgs.txt -cs -h+pic18F4580.sym \
  --cmf=pic18F4580.cmf -z -Q18F4580 -o/tmp/xcXIRuWLv -Mpic18F4580.map \
  -ver=XC8 -ASTACK=0155h-05ffh -pstack=STACK -ACODE=00h-03000h \
  -ACONST=00h-03000h -ASMALLCONST=0600h-06FFhx42,03000h-03000h \
  -AMEDIUMCONST=0600h-03000h -ACOMRAM=01h-05Fh -AABS1=00h-05FFh \
  -ABIGRAM=01h-05FFh -ARAM=060h-0FFh,0100h-01FFhx5 -ABANK0=060h-0FFh \
  -ABANK1=0100h-01FFh -ABANK2=0200h-02FFh -ABANK3=0300h-03FFh \
  -ABANK4=0400h-04FFh -ABANK5=0500h-05FFh \
  -ASFR=0D00h-0DFFhx2,0F00h-0F5Fh,0F60h-0FFFh \
  -preset_vec=00h,intcode=08h,intcodelo,powerup,init,end_init \
  -pramtop=0600h -psmallconst=SMALLCONST -pmediumconst=MEDIUMCONST \
  -pconst=CONST -AFARRAM=00h-00h -ACONFIG=0300000h-030000Dh -pconfig=CONFIG \
  -AIDLOC=0200000h-0200007h -pidloc=IDLOC -AEEDATA=0F00000h-0F000FFh \
  -peeprom_data=EEDATA \
  -prdata=COMRAM,nvrram=COMRAM,nvbit=COMRAM,rbss=COMRAM,rbit=COMRAM \
  -pfarbss=FARRAM,fardata=FARRAM,nvFARRAM=FARRAM \
  -pintsave_regs=BIGRAM,bigbss=BIGRAM,bigdata=BIGRAM -pbss=RAM \
  -pidata=CODE,irdata=CODE,ibigdata=CODE,ifardata=CODE -prparam=COMRAM \
  startup.obj pic18F4580.obj 

Object code version is 3.11

Machine type is 18F4580

Call graph: (short form)




                Name                               Link     Load   Length Selector   Space Scale
startup.obj     end_init                             16       16        4        4       0
                reset_vec                             0        0        4        0       0
pic18F4580.obj  intcode                               8        8        E        4       0
                temp                                 51       51        1        1       1
                smallconst                          600      600       AE      300       0
                intcode_body                       1A18     1A18       AC      357       0
                text41                             1E08     1E08       52      F04       0
                text40                             1EA2     1EA2       42      F04       0
                text39                             20AE     20AE       26      F04       0
                text38                             2086     2086       28      F04       0
                text37                             1D52     1D52       60      357       0
                text36                             2158     2158       18     109D       0
                text35                             1F22     1F22       3E      F04       0
                text34                             21C2     21C2        C     109D       0
                text33                             205C     205C       2A      F04       0
                text32                             21F6     21F6        8     109D       0
                text31                             21EE     21EE        8     109D       0
                text30                             21E6     21E6        8     109D       0
                text29                             21DE     21DE        8     109D       0
                text28                             21D6     21D6        8     109D       0
                text27                             21CE     21CE        8     109D       0
                text26                             21B6     21B6        C     109D       0
                text25                             2032     2032       2A      F04       0
                text24                             1C74     1C74       78      357       0
                text23                             1EE4     1EE4       3E      F04       0
                text22                             1FD2     1FD2       36      F04       0
                text21                              6AE      6AE      584      357       0
                text20                              FEC      FEC      376      357       0
                text19                             196A     196A       AE      357       0
                text18                             1884     1884       E6      357       0
                text17                             1756     1756      12E      357       0
                text16                             20D4     20D4       24      F04       0
                text15                             1F60     1F60       3C      F04       0
                text14                             1598     1598      1BE      357       0
                text13                             1362     1362      236      357       0
                text12                             2198     2198       12     109D       0
                text11                             2008     2008       2A      F04       0
                text10                             1B5E     1B5E       90      357       0
                text9                               C32      C32      3BA      357       0
                text8                              20F8     20F8       22      F04       0
                text7                              1F9C     1F9C       36      F04       0
                text6                              213A     213A       1E     109D       0
                text5                              1E5A     1E5A       48      F04       0
                text4                              2170     2170       16     109D       0
                text3                              2186     2186       12     109D       0
                text2                              21AA     21AA        C     109D       0
                text1                              1CEC     1CEC       66      357       0
                text0                              1AC4     1AC4       9A      357       0
                cstackCOMRAM                          1        1       2C        1       1
                cstackBANK0                          D7       D7       15       60       1
                dataBANK1                           100      100       55      100       1
                dataBANK0                            B8       B8       1F       60       1
                bssBANK0                             60       60       58       60       1
                dataCOMRAM                           4B       4B        6        1       1
                bssCOMRAM                            2D       2D       1E        1       1
                cinit                              1BEE     1BEE       86      357       0
                idataBANK1                         1DB2     1DB2       55      357       0
                idataBANK0                         211A     211A       1F      F04       0
                idataCOMRAM                        21FE     21FE        6     109D       0

TOTAL           Name                               Link     Load   Length     Space
        CLASS   STACK          

        CLASS   CODE           
                end_init                             16       16        4         0
                intcode                               8        8        E         0
                reset_vec                             0        0        4         0
                intcode_body                       1A18     1A18       AC         0
                text41                             1E08     1E08       52         0
                text40                             1EA2     1EA2       42         0
                text39                             20AE     20AE       26         0
                text38                             2086     2086       28         0
                text37                             1D52     1D52       60         0
                text36                             2158     2158       18         0
                text35                             1F22     1F22       3E         0
                text34                             21C2     21C2        C         0
                text33                             205C     205C       2A         0
                text32                             21F6     21F6        8         0
                text31                             21EE     21EE        8         0
                text30                             21E6     21E6        8         0
                text29                             21DE     21DE        8         0
                text28                             21D6     21D6        8         0
                text27                             21CE     21CE        8         0
                text26                             21B6     21B6        C         0
                text25                             2032     2032       2A         0
                text24                             1C74     1C74       78         0
                text23                             1EE4     1EE4       3E         0
                text22                             1FD2     1FD2       36         0
                text21                              6AE      6AE      584         0
                text20                              FEC      FEC      376         0
                text19                             196A     196A       AE         0
                text18                             1884     1884       E6         0
                text17                             1756     1756      12E         0
                text16                             20D4     20D4       24         0
                text15                             1F60     1F60       3C         0
                text14                             1598     1598      1BE         0
                text13                             1362     1362      236         0
                text12                             2198     2198       12         0
                text11                             2008     2008       2A         0
                text10                             1B5E     1B5E       90         0
                text9                               C32      C32      3BA         0
                text8                              20F8     20F8       22         0
                text7                              1F9C     1F9C       36         0
                text6                              213A     213A       1E         0
                text5                              1E5A     1E5A       48         0
                text4                              2170     2170       16         0
                text3                              2186     2186       12         0
                text2                              21AA     21AA        C         0
                text1                              1CEC     1CEC       66         0
                text0                              1AC4     1AC4       9A         0
                cinit                              1BEE     1BEE       86         0
                idataBANK1                         1DB2     1DB2       55         0
                idataBANK0                         211A     211A       1F         0
                idataCOMRAM                        21FE     21FE        6         0

        CLASS   CONST          

        CLASS   SMALLCONST     
                smallconst                          600      600       AE         0

        CLASS   MEDIUMCONST    

        CLASS   COMRAM         
                temp                                 51       51        1         1
                cstackCOMRAM                          1        1       2C         1
                dataCOMRAM                           4B       4B        6         1
                bssCOMRAM                            2D       2D       1E         1

        CLASS   ABS1           

        CLASS   BIGRAM         

        CLASS   RAM            

        CLASS   BANK0          
                cstackBANK0                          D7       D7       15         1
                dataBANK0                            B8       B8       1F         1
                bssBANK0                             60       60       58         1

        CLASS   BANK1          
                dataBANK1                           100      100       55         1

        CLASS   BANK2          

        CLASS   BANK3          

        CLASS   BANK4          

        CLASS   BANK5          

        CLASS   SFR            

        CLASS   FARRAM         

        CLASS   CONFIG         

        CLASS   IDLOC          

        CLASS   EEDATA         



SEGMENTS        Name                           Load    Length   Top    Selector   Space  Class

                reset_vec                      000000  000004  000004         0       0  CODE    
                cstackCOMRAM                   000001  000051  000052         1       1  COMRAM  
                intcode                        000008  000012  00001A         4       0  CODE    
                bssBANK0                       000060  00008C  0000EC        60       1  BANK0   
                dataBANK1                      000100  000055  000155       100       1  BANK1   
                smallconst                     000600  0000AE  0006AE       300       0  SMALLCON
                text21                         0006AE  001759  001E07       357       0  CODE    
                text41                         001E08  000331  002139       F04       0  CODE    
                text6                          00213A  0000CA  002204      109D       0  CODE    


UNUSED ADDRESS RANGES

        Name                Unused          Largest block    Delta
        BANK0            00EC-00FF             14
        BANK1            0155-01FF             AB
        BANK2            0200-02FF            100
        BANK3            0300-03FF            100
        BANK4            0400-04FF            100
        BANK5            0500-05FF            100
        BIGRAM           0052-005F              E
                         00EC-00FF             14
                         0155-05FF            4AB
        CODE             0004-0007              4
                         001A-05FF            5E6
                         1E07-1E07              1
                         2139-2139              1
                         2204-3000            DFD
        COMRAM           0052-005F              E
        CONFIG           300000-30000D              E
        CONST            0004-0007              4
                         001A-05FF            5E6
                         1E07-1E07              1
                         2139-2139              1
                         2204-3000            DFD
        EEDATA           F00000-F000FF            100
        IDLOC            200000-200007              8
        MEDIUMCONST      1E07-1E07              1
                         2139-2139              1
                         2204-3000            DFD
        RAM              00EC-00FF             14
                         0155-05FF            100
        SFR              0D00-0FFF            100
        SMALLCONST       1E07-1E07              1
                         2139-2139              1
                         2204-3000            100
        STACK            0155-05FF            4AB

                                  Symbol Table

?___ftdiv                    cstackCOMRAM 001A
?___ftpack                   cstackCOMRAM 000F
?___fttol                    cstackCOMRAM 0029
?___lwdiv                    cstackCOMRAM 000F
?___lwmod                    cstackCOMRAM 0016
?___lwtoft                   cstackCOMRAM 0017
?___wmul                     cstackCOMRAM 000F
?_read_adc                   cstackCOMRAM 000F
_ABDEN                       (abs)        7DC0
_ABDOVF                      (abs)        7DC7
_ACKDT                       (abs)        7E2D
_ACKEN                       (abs)        7E2C
_ACKSTAT                     (abs)        7E2E
_ACQT0                       (abs)        7E03
_ACQT1                       (abs)        7E04
_ACQT2                       (abs)        7E05
_ADCON0                      (abs)        0FC2
_ADCON1                      (abs)        0FC1
_ADCS0                       (abs)        7E00
_ADCS1                       (abs)        7E01
_ADCS2                       (abs)        7E02
_ADDEN                       (abs)        7D5B
_ADFM                        (abs)        7E07
_ADON                        (abs)        7E10
_ADRESH                      (abs)        0FC4
_ADRESL                      (abs)        0FC3
_BCLIF                       (abs)        7D0B
_BRG16                       (abs)        7DC3
_BRGH                        (abs)        7D62
_CHS2                        (abs)        7E14
_CKE                         (abs)        7E3E
_CREN                        (abs)        7D5C
_CSRC                        (abs)        7D67
_FERR                        (abs)        7D5A
_GIE                         (abs)        7F97
_GO                          (abs)        7E11
_GODONE                      (abs)        7E11
_OERR                        (abs)        7D59
_PEIE                        (abs)        7F96
_PEN                         (abs)        7E2A
_PORTB                       (abs)        0F81
_PORTBbits                   (abs)        0F81
_PORTD                       (abs)        0F83
_PR2                         (abs)        0FCB
_RBPU                        (abs)        7F8F
_RC0                         (abs)        7C10
_RC1                         (abs)        7C11
_RC2                         (abs)        7C12
_RCEN                        (abs)        7E2B
_RCIDL                       (abs)        7DC6
_RCIE                        (abs)        7CED
_RCIF                        (abs)        7CF5
_RCREG                       (abs)        0FAE
_RD7                         (abs)        7C1F
_RSEN                        (abs)        7E29
_RX9                         (abs)        7D5E
_RX9D                        (abs)        7D58
_SCKP                        (abs)        7DC4
_SEN                         (abs)        7E28
_SENDB                       (abs)        7D63
_SMP                         (abs)        7E3F
_SPBRG                       (abs)        0FAF
_SPEN                        (abs)        7D5F
_SREN                        (abs)        7D5D
_SSPADD                      (abs)        0FC8
_SSPBUF                      (abs)        0FC9
_SSPCON1                     (abs)        0FC6
_SSPIF                       (abs)        7CF3
_SYNC                        (abs)        7D64
_TMR2IE                      (abs)        7CE9
_TMR2IF                      (abs)        7CF1
_TMR2ON                      (abs)        7E52
_TRISB                       (abs)        0F93
_TRISC                       (abs)        0F94
_TRISC3                      (abs)        7CA3
_TRISC4                      (abs)        7CA4
_TRISC6                      (abs)        7CA6
_TRISC7                      (abs)        7CA7
_TRISD                       (abs)        0F95
_TRISD7                      (abs)        7CAF
_TRMT                        (abs)        7D61
_TX9                         (abs)        7D66
_TX9D                        (abs)        7D60
_TXEN                        (abs)        7D65
_TXIE                        (abs)        7CEC
_TXIF                        (abs)        7CF4
_TXREG                       (abs)        0FAD
_VCFG0                       (abs)        7E0C
_VCFG1                       (abs)        7E0D
_WUE                         (abs)        7DC1
__HRAM                       (abs)        0000
__Habs1                      abs1         0000
__Hbank0                     bank0        0000
__Hbank1                     bank1        0000
__Hbank2                     bank2        0000
__Hbank3                     bank3        0000
__Hbank4                     bank4        0000
__Hbank5                     bank5        0000
__Hbigbss                    bigbss       0000
__Hbigdata                   bigdata      0000
__Hbigram                    bigram       0000
__Hbss                       bss          0000
__HbssBANK0                  bssBANK0     0000
__HbssCOMRAM                 bssCOMRAM    0000
__Hcinit                     cinit        0000
__Hclrtext                   clrtext      0000
__Hcomram                    comram       0000
__Hconfig                    config       0000
__Hconst                     const        0000
__HcstackBANK0               cstackBANK0  0000
__HcstackCOMRAM              cstackCOMRAM 0000
__Hdata                      data         0000
__HdataBANK0                 dataBANK0    0000
__HdataBANK1                 dataBANK1    0000
__HdataCOMRAM                dataCOMRAM   0000
__Heeprom_data               eeprom_data  0000
__Hend_init                  end_init     001A
__Hfarbss                    farbss       0000
__Hfardata                   fardata      0000
__Hibigdata                  ibigdata     0000
__Hidata                     idata        0000
__HidataBANK0                idataBANK0   0000
__HidataBANK1                idataBANK1   0000
__HidataCOMRAM               idataCOMRAM  0000
__Hidloc                     idloc        0000
__Hifardata                  ifardata     0000
__Hinit                      init         0016
__Hintcode                   intcode      0016
__Hintcode_body              intcode_body 0000
__Hintcodelo                 intcodelo    0016
__Hintentry                  intentry     0000
__Hintret                    intret       0000
__Hintsave_regs              intsave_regs 0000
__Hirdata                    irdata       0000
__Hmediumconst               mediumconst  0000
__HnvFARRAM                  nvFARRAM     0000
__Hnvbit                     nvbit        0000
__Hnvrram                    nvrram       0000
__Hparam                     rparam       0000
__Hpowerup                   powerup      0016
__Hram                       ram          0000
__Hramtop                    ramtop       0600
__Hrbit                      rbit         0000
__Hrbss                      rbss         0000
__Hrdata                     rdata        0000
__Hreset_vec                 reset_vec    0004
__Hrparam                    rparam       0000
__Hsfr                       sfr          0000
__Hsmallconst                smallconst   06AE
__Hspace_0                   (abs)        2204
__Hspace_1                   (abs)        0155
__Hspace_2                   (abs)        0000
__Hstack                     stack        0000
__Hstruct                    struct       0000
__Htemp                      temp         0052
__Htext                      text         0000
__Htext0                     text0        0000
__Htext1                     text1        0000
__Htext10                    text10       0000
__Htext11                    text11       0000
__Htext12                    text12       0000
__Htext13                    text13       0000
__Htext14                    text14       0000
__Htext15                    text15       0000
__Htext16                    text16       0000
__Htext17                    text17       0000
__Htext18                    text18       0000
__Htext19                    text19       0000
__Htext2                     text2        0000
__Htext20                    text20       0000
__Htext21                    text21       0000
__Htext22                    text22       0000
__Htext23                    text23       0000
__Htext24                    text24       0000
__Htext25                    text25       0000
__Htext26                    text26       0000
__Htext27                    text27       0000
__Htext28                    text28       0000
__Htext29                    text29       0000
__Htext3                     text3        0000
__Htext30                    text30       0000
__Htext31                    text31       0000
__Htext32                    text32       0000
__Htext33                    text33       0000
__Htext34                    text34       0000
__Htext35                    text35       0000
__Htext36                    text36       0000
__Htext37                    text37       0000
__Htext38                    text38       0000
__Htext39                    text39       0000
__Htext4                     text4        0000
__Htext40                    text40       0000
__Htext41                    text41       0000
__Htext5                     text5        0000
__Htext6                     text6        0000
__Htext7                     text7        0000
__Htext8                     text8        0000
__Htext9                     text9        0000
__LRAM                       (abs)        0001
__Labs1                      abs1         0000
__Lbank0                     bank0        0000
__Lbank1                     bank1        0000
__Lbank2                     bank2        0000
__Lbank3                     bank3        0000
__Lbank4                     bank4        0000
__Lbank5                     bank5        0000
__Lbigbss                    bigbss       0000
__Lbigdata                   bigdata      0000
__Lbigram                    bigram       0000
__Lbss                       bss          0000
__LbssBANK0                  bssBANK0     0000
__LbssCOMRAM                 bssCOMRAM    0000
__Lcinit                     cinit        0000
__Lclrtext                   clrtext      0000
__Lcomram                    comram       0000
__Lconfig                    config       0000
__Lconst                     const        0000
__LcstackBANK0               cstackBANK0  0000
__LcstackCOMRAM              cstackCOMRAM 0000
__Ldata                      data         0000
__LdataBANK0                 dataBANK0    0000
__LdataBANK1                 dataBANK1    0000
__LdataCOMRAM                dataCOMRAM   0000
__Leeprom_data               eeprom_data  0000
__Lend_init                  end_init     0016
__Lfarbss                    farbss       0000
__Lfardata                   fardata      0000
__Libigdata                  ibigdata     0000
__Lidata                     idata        0000
__LidataBANK0                idataBANK0   0000
__LidataBANK1                idataBANK1   0000
__LidataCOMRAM               idataCOMRAM  0000
__Lidloc                     idloc        0000
__Lifardata                  ifardata     0000
__Linit                      init         0016
__Lintcode                   intcode      0008
__Lintcode_body              intcode_body 0000
__Lintcodelo                 intcodelo    0016
__Lintentry                  intentry     0000
__Lintret                    intret       0000
__Lintsave_regs              intsave_regs 0000
__Lirdata                    irdata       0000
__Lmediumconst               mediumconst  0000
__LnvFARRAM                  nvFARRAM     0000
__Lnvbit                     nvbit        0000
__Lnvrram                    nvrram       0000
__Lparam                     rparam       0000
__Lpowerup                   powerup      0016
__Lram                       ram          0000
__Lramtop                    ramtop       0600
__Lrbit                      rbit         0000
__Lrbss                      rbss         0000
__Lrdata                     rdata        0000
__Lreset_vec                 reset_vec    0000
__Lrparam                    rparam       0000
__Lsfr                       sfr          0000
__Lsmallconst                smallconst   0600
__Lspace_0                   (abs)        0000
__Lspace_1                   (abs)        0000
__Lspace_2                   (abs)        0000
__Lstack                     stack        0000
__Lstruct                    struct       0000
__Ltemp                      temp         0051
__Ltext                      text         0000
__Ltext0                     text0        0000
__Ltext1                     text1        0000
__Ltext10                    text10       0000
__Ltext11                    text11       0000
__Ltext12                    text12       0000
__Ltext13                    text13       0000
__Ltext14                    text14       0000
__Ltext15                    text15       0000
__Ltext16                    text16       0000
__Ltext17                    text17       0000
__Ltext18                    text18       0000
__Ltext19                    text19       0000
__Ltext2                     text2        0000
__Ltext20                    text20       0000
__Ltext21                    text21       0000
__Ltext22                    text22       0000
__Ltext23                    text23       0000
__Ltext24                    text24       0000
__Ltext25                    text25       0000
__Ltext26                    text26       0000
__Ltext27                    text27       0000
__Ltext28                    text28       0000
__Ltext29                    text29       0000
__Ltext3                     text3        0000
__Ltext30                    text30       0000
__Ltext31                    text31       0000
__Ltext32                    text32       0000
__Ltext33                    text33       0000
__Ltext34                    text34       0000
__Ltext35                    text35       0000
__Ltext36                    text36       0000
__Ltext37                    text37       0000
__Ltext38                    text38       0000
__Ltext39                    text39       0000
__Ltext4                     text4        0000
__Ltext40                    text40       0000
__Ltext41                    text41       0000
__Ltext5                     text5        0000
__Ltext6                     text6        0000
__Ltext7                     text7        0000
__Ltext8                     text8        0000
__Ltext9                     text9        0000
__S0                         (abs)        2204
__S1                         (abs)        0155
__S2                         (abs)        0000
___ftdiv                     text18       1884
___ftdiv@cntr                cstackCOMRAM 0023
___ftdiv@exp                 cstackCOMRAM 0027
___ftdiv@f1                  cstackCOMRAM 001A
___ftdiv@f2                  cstackCOMRAM 001D
___ftdiv@f3                  cstackCOMRAM 0024
___ftdiv@sign                cstackCOMRAM 0028
___ftpack                    text19       196A
___ftpack@arg                cstackCOMRAM 000F
___ftpack@exp                cstackCOMRAM 0012
___ftpack@sign               cstackCOMRAM 0013
___fttol                     text17       1756
___fttol@exp1                cstackBANK0  00E1
___fttol@f1                  cstackCOMRAM 0029
___fttol@lval                cstackBANK0  00DD
___fttol@sign1               cstackBANK0  00DC
___inthi_sp                  stack        0000
___intlo_sp                  stack        0000
___lwdiv                     text41       1E08
___lwdiv@counter             cstackCOMRAM 0013
___lwdiv@dividend            cstackCOMRAM 000F
___lwdiv@divisor             cstackCOMRAM 0011
___lwdiv@quotient            cstackCOMRAM 0014
___lwmod                     text40       1EA2
___lwmod@counter             cstackCOMRAM 001A
___lwmod@dividend            cstackCOMRAM 0016
___lwmod@divisor             cstackCOMRAM 0018
___lwtoft                    text16       20D4
___lwtoft@c                  cstackCOMRAM 0017
___param_bank                (abs)        0010
___rparam_used               (abs)        0001
___sp                        stack        0000
___wmul                      text39       20AE
___wmul@multiplicand         cstackCOMRAM 0011
___wmul@multiplier           cstackCOMRAM 000F
___wmul@product              cstackCOMRAM 0013
__accesstop                  (abs)        0060
__activetblptr               (abs)        0002
__end_of___ftdiv             text18       196A
__end_of___ftpack            text19       1A18
__end_of___fttol             text17       1884
__end_of___lwdiv             text41       1E5A
__end_of___lwmod             text40       1EE4
__end_of___lwtoft            text16       20F8
__end_of___wmul              text39       20D4
__end_of__initialization     cinit        1C66
__end_of_clcd_print          text37       1DB2
__end_of_clcd_putch          text36       2170
__end_of_clcd_write          text38       20AE
__end_of_display_menu        text20       1362
__end_of_display_the_event   text13       1598
__end_of_display_time        text12       21AA
__end_of_get_time            text10       1BEE
__end_of_give_password       text9        0FEC
__end_of_i2c_idle            text32       21FE
__end_of_i2c_read            text30       21EE
__end_of_i2c_rep_start       text29       21E6
__end_of_i2c_rx_mode         text31       21F6
__end_of_i2c_start           text28       21DE
__end_of_i2c_stop            text27       21D6
__end_of_i2c_write           text26       21C2
__end_of_init_adc            text8        211A
__end_of_init_clcd           text7        1FD2
__end_of_init_config         text1        1D52
__end_of_init_ds1307         text5        1EA2
__end_of_init_i2c            text4        2186
__end_of_init_matrix_keypad  text3        2198
__end_of_init_timer0         text2        21B6
__end_of_init_uart           text35       1F60
__end_of_isr                 intcode_body 1AC4
__end_of_log_fun             text21       0C32
__end_of_main                text0        1B5E
__end_of_putch               text34       21CE
__end_of_puts                text33       2086
__end_of_read_adc            text15       1F9C
__end_of_read_ds1307         text11       2032
__end_of_read_ext_eeprom     text25       205C
__end_of_read_switches       text23       1F22
__end_of_scan_key            text24       1CEC
__end_of_store_event         text14       1756
__end_of_write_ds1307        text6        2158
__end_of_write_ext_eeprom    text22       2008
__initialization             cinit        1BEE
__mediumconst                mediumconst  0000
__pbssBANK0                  bssBANK0     0060
__pbssCOMRAM                 bssCOMRAM    002D
__pcinit                     cinit        1BEE
__pcstackBANK0               cstackBANK0  00D7
__pcstackCOMRAM              cstackCOMRAM 0001
__pdataBANK0                 dataBANK0    00B8
__pdataBANK1                 dataBANK1    0100
__pdataCOMRAM                dataCOMRAM   004B
__pidataBANK0                idataBANK0   211A
__pidataBANK1                idataBANK1   1DB2
__pidataCOMRAM               idataCOMRAM  21FE
__pintcode                   intcode      0008
__pintcode_body              intcode_body 1A18
__psmallconst                smallconst   0600
__ptext0                     text0        1AC4
__ptext1                     text1        1CEC
__ptext10                    text10       1B5E
__ptext11                    text11       2008
__ptext12                    text12       2198
__ptext13                    text13       1362
__ptext14                    text14       1598
__ptext15                    text15       1F60
__ptext16                    text16       20D4
__ptext17                    text17       1756
__ptext18                    text18       1884
__ptext19                    text19       196A
__ptext2                     text2        21AA
__ptext20                    text20       0FEC
__ptext21                    text21       06AE
__ptext22                    text22       1FD2
__ptext23                    text23       1EE4
__ptext24                    text24       1C74
__ptext25                    text25       2032
__ptext26                    text26       21B6
__ptext27                    text27       21CE
__ptext28                    text28       21D6
__ptext29                    text29       21DE
__ptext3                     text3        2186
__ptext30                    text30       21E6
__ptext31                    text31       21EE
__ptext32                    text32       21F6
__ptext33                    text33       205C
__ptext34                    text34       21C2
__ptext35                    text35       1F22
__ptext36                    text36       2158
__ptext37                    text37       1D52
__ptext38                    text38       2086
__ptext39                    text39       20AE
__ptext4                     text4        2170
__ptext40                    text40       1EA2
__ptext41                    text41       1E08
__ptext5                     text5        1E5A
__ptext6                     text6        213A
__ptext7                     text7        1F9C
__ptext8                     text8        20F8
__ptext9                     text9        0C32
__ramtop                     ramtop       0600
__size_of___ftdiv            (abs)        0000
__size_of___ftpack           (abs)        0000
__size_of___fttol            (abs)        0000
__size_of___lwdiv            (abs)        0000
__size_of___lwmod            (abs)        0000
__size_of___lwtoft           (abs)        0000
__size_of___wmul             (abs)        0000
__size_of_clcd_print         (abs)        0000
__size_of_clcd_putch         (abs)        0000
__size_of_clcd_write         (abs)        0000
__size_of_display_menu       (abs)        0000
__size_of_display_the_event  (abs)        0000
__size_of_display_time       (abs)        0000
__size_of_get_time           (abs)        0000
__size_of_give_password      (abs)        0000
__size_of_i2c_idle           (abs)        0000
__size_of_i2c_read           (abs)        0000
__size_of_i2c_rep_start      (abs)        0000
__size_of_i2c_rx_mode        (abs)        0000
__size_of_i2c_start          (abs)        0000
__size_of_i2c_stop           (abs)        0000
__size_of_i2c_write          (abs)        0000
__size_of_init_adc           (abs)        0000
__size_of_init_clcd          (abs)        0000
__size_of_init_config        (abs)        0000
__size_of_init_ds1307        (abs)        0000
__size_of_init_i2c           (abs)        0000
__size_of_init_matrix_keypad (abs)        0000
__size_of_init_timer0        (abs)        0000
__size_of_init_uart          (abs)        0000
__size_of_isr                (abs)        0000
__size_of_log_fun            (abs)        0000
__size_of_main               (abs)        0000
__size_of_putch              (abs)        0000
__size_of_puts               (abs)        0000
__size_of_read_adc           (abs)        0000
__size_of_read_ds1307        (abs)        0000
__size_of_read_ext_eeprom    (abs)        0000
__size_of_read_switches      (abs)        0000
__size_of_scan_key           (abs)        0000
__size_of_store_event        (abs)        0000
__size_of_write_ds1307       (abs)        0000
__size_of_write_ext_eeprom   (abs)        0000
__smallconst                 smallconst   0600
_adc_reg_val                 bssCOMRAM    002D
_blink                       bssCOMRAM    002F
_clcd_print                  text37       1D52
_clcd_putch                  text36       2158
_clcd_write                  text38       2086
_clock_reg                   bssBANK0     007E
_count_event                 bssCOMRAM    0031
_count_event_flag            bssBANK0     0081
_data                        bssBANK0     0060
_date                        bssBANK0     006B
_display_menu                text20       0FEC
_display_the_event           text13       1362
_display_time                text12       2198
_enter_flag                  bssBANK0     0083
_gear                        dataBANK0    00BF
_get_time                    text10       1B5E
_give_password               text9        0C32
_i2c_idle                    text32       21F6
_i2c_read                    text30       21E6
_i2c_rep_start               text29       21DE
_i2c_rx_mode                 text31       21EE
_i2c_start                   text28       21D6
_i2c_stop                    text27       21CE
_i2c_write                   text26       21B6
_init_adc                    text8        20F8
_init_clcd                   text7        1F9C
_init_config                 text1        1CEC
_init_ds1307                 text5        1E5A
_init_i2c                    text4        2170
_init_matrix_keypad          text3        2186
_init_timer0                 text2        21AA
_init_uart                   text35       1F22
_isr                         intcode      0008
_key11_flag                  bssBANK0     0085
_key11_wait_flag             bssBANK0     0087
_log_flag                    bssBANK0     0089
_log_fun                     text21       06AE
_main                        text0        1AC4
_menu                        dataBANK1    0100
_menu_flag                   bssCOMRAM    0033
_node_flag                   bssBANK0     008B
_one_flag                    bssBANK0     008D
_op_flag                     bssBANK0     008F
_password                    dataBANK0    00B8
_putch                       text34       21C2
_puts                        text33       205C
_read_adc                    text15       1F60
_read_ds1307                 text11       2008
_read_ext_eeprom             text25       2032
_read_switches               text23       1EE4
_scan_key                    text24       1C74
_store_event                 text14       1598
_time                        bssBANK0     00AF
_wait                        dataCOMRAM   004B
_wait_flag                   bssBANK0     0091
_write_ds1307                text6        213A
_write_ext_eeprom            text22       1FD2
btemp                        temp         0051
clcd_print@addr              cstackCOMRAM 0017
clcd_print@data              cstackCOMRAM 0015
clcd_putch@addr              cstackCOMRAM 001B
clcd_putch@data              cstackCOMRAM 001C
clcd_write@byte              cstackCOMRAM 0010
clcd_write@control_bit       cstackCOMRAM 000F
display_menu@count           bssCOMRAM    0035
display_menu@key             cstackCOMRAM 0021
display_menu@key11_wait      bssCOMRAM    0037
display_menu@menu_wait       bssCOMRAM    0039
display_the_event@count      dataCOMRAM   004D
display_the_event@flag       bssCOMRAM    003B
display_the_event@key        cstackBANK0  00E2
display_the_event@on_flag    bssBANK0     0095
end_of_initialization        cinit        1C66
give_password@attempt        bssBANK0     0076
give_password@delay          bssBANK0     007A
give_password@enter_pwd      bssBANK0     0099
give_password@failure_flag   bssBANK0     009B
give_password@i              bssBANK0     009D
give_password@j              bssCOMRAM    003D
give_password@k              bssCOMRAM    003F
give_password@key            cstackCOMRAM 001F
give_password@key_8_flag     bssBANK0     009F
give_password@no_attempts    dataBANK0    00BD
give_password@password_flag  bssBANK0     00A1
i2c_write@data               cstackCOMRAM 000F
init_config@add              cstackCOMRAM 0018
init_config@i                cstackCOMRAM 0019
init_ds1307@dummy            cstackCOMRAM 0012
int$flags                    temp         0051
int_func                     intcode_body 1A18
intlevel0                    text         0000
intlevel1                    text         0000
intlevel2                    text         0000
intlevel3                    text         0000
isr@count                    bssBANK0     00A5
log_fun@_378                 bssCOMRAM    0041
log_fun@_379                 bssCOMRAM    0043
log_fun@count                cstackCOMRAM 001D
log_fun@event_num            bssCOMRAM    0045
log_fun@i                    bssCOMRAM    0047
log_fun@i_367                cstackBANK0  00E9
log_fun@i_374                cstackBANK0  00D7
log_fun@i_376                cstackBANK0  00DB
log_fun@i_381                cstackBANK0  00DF
log_fun@j_366                cstackBANK0  00E3
log_fun@j_368                cstackBANK0  00E5
log_fun@k                    cstackBANK0  00E7
log_fun@key                  bssCOMRAM    0049
log_fun@limit                cstackCOMRAM 001F
log_fun@mem_add              dataCOMRAM   004F
log_fun@view_flag            bssBANK0     00AB
log_fun@wait                 bssBANK0     00AD
main@key                     cstackBANK0  00EB
putch@byte                   cstackCOMRAM 000F
puts@s                       cstackCOMRAM 0010
read_adc@channel             cstackCOMRAM 0013
read_adc@reg_val             cstackCOMRAM 0014
read_ds1307@address          cstackCOMRAM 0010
read_ds1307@data             cstackCOMRAM 0011
read_ext_eeprom@address      cstackCOMRAM 0010
read_ext_eeprom@data         cstackCOMRAM 0011
read_switches@detection_type cstackCOMRAM 000F
read_switches@key            bssCOMRAM    004A
read_switches@once           dataCOMRAM   0050
stackhi                      (abs)        05FF
stacklo                      (abs)        0155
start                        init         0016
start_initialization         cinit        1BEE
store_event@count            cstackCOMRAM 001B
store_event@i                cstackCOMRAM 001E
store_event@j                cstackCOMRAM 0020
write_ds1307@address         cstackCOMRAM 0011
write_ds1307@data            cstackCOMRAM 0010
write_ext_eeprom@address     cstackCOMRAM 0011
write_ext_eeprom@data        cstackCOMRAM 0010
write_ext_eeprom@wait        cstackCOMRAM 0012


FUNCTION INFORMATION:

 *************** function _main *****************
 Defined at:
		line 85 in file "main.c"
 Parameters:    Size  Location     Type
		None
 Auto vars:     Size  Location     Type
  key             1   20[BANK0 ] unsigned char 
 Return value:  Size  Location     Type
                  1    wreg      void 
 Registers used:
		wreg, fsr0l, fsr0h, fsr1l, fsr1h, fsr2l, fsr2h, status,2, status,0, tblptrl, tblptrh, tblptru, prodl, prodh, cstack
 Tracked objects:
		On entry : 
		On exit  : 
		Unchanged: 
 Data sizes:     COMRAM   BANK0   BANK1   BANK2   BANK3   BANK4   BANK5
      Params:         0       0       0       0       0       0       0
      Locals:         0       1       0       0       0       0       0
      Temps:          0       0       0       0       0       0       0
      Totals:         0       1       0       0       0       0       0
Total ram usage:        1 bytes
 Hardware stack levels required when called:    7
 This function calls:
		_clcd_print
		_display_menu
		_display_the_event
		_display_time
		_get_time
		_give_password
		_init_config
		_read_switches
 This function is called by:
		Startup code after reset
 This function uses a non-reentrant model


 *************** function _init_config *****************
 Defined at:
		line 58 in file "main.c"
 Parameters:    Size  Location     Type
		None
 Auto vars:     Size  Location     Type
  i               2   24[COMRAM] int 
  add             1   23[COMRAM] unsigned char 
 Return value:  Size  Location     Type
                  1    wreg      void 
 Registers used:
		wreg, fsr0l, fsr0h, fsr2l, fsr2h, status,2, status,0, tblptrl, tblptrh, tblptru, cstack
 Tracked objects:
		On entry : 
		On exit  : 
		Unchanged: 
 Data sizes:     COMRAM   BANK0   BANK1   BANK2   BANK3   BANK4   BANK5
      Params:         0       0       0       0       0       0       0
      Locals:         3       0       0       0       0       0       0
      Temps:          0       0       0       0       0       0       0
      Totals:         3       0       0       0       0       0       0
Total ram usage:        3 bytes
 Hardware stack levels used:    1
 Hardware stack levels required when called:    6
 This function calls:
		_clcd_print
		_init_adc
		_init_clcd
		_init_ds1307
		_init_i2c
		_init_matrix_keypad
		_init_timer0
		_read_ext_eeprom
 This function is called by:
		_main
 This function uses a non-reentrant model


 *************** function _init_timer0 *****************
 Defined at:
		line 4 in file "timer0.c"
 Parameters:    Size  Location     Type
		None
 Auto vars:     Size  Location     Type
		None
 Return value:  Size  Location     Type
                  1    wreg      void 
 Registers used:
		wreg, status,2
 Tracked objects:
		On entry : 
		On exit  : 
		Unchanged: 
 Data sizes:     COMRAM   BANK0   BANK1   BANK2   BANK3   BANK4   BANK5
      Params:         0       0       0       0       0       0       0
      Locals:         0       0       0       0       0       0       0
      Temps:          0       0       0       0       0       0       0
      Totals:         0       0       0       0       0       0       0
Total ram usage:        0 bytes
 Hardware stack levels used:    1
 Hardware stack levels required when called:    1
 This function calls:
		Nothing
 This function is called by:
		_init_config
 This function uses a non-reentrant model


 *************** function _init_matrix_keypad *****************
 Defined at:
		line 4 in file "matrix_keypad.c"
 Parameters:    Size  Location     Type
		None
 Auto vars:     Size  Location     Type
		None
 Return value:  Size  Location     Type
                  1    wreg      void 
 Registers used:
		wreg, status,2, status,0
 Tracked objects:
		On entry : 
		On exit  : 
		Unchanged: 
 Data sizes:     COMRAM   BANK0   BANK1   BANK2   BANK3   BANK4   BANK5
      Params:         0       0       0       0       0       0       0
      Locals:         0       0       0       0       0       0       0
      Temps:          0       0       0       0       0       0       0
      Totals:         0       0       0       0       0       0       0
Total ram usage:        0 bytes
 Hardware stack levels used:    1
 Hardware stack levels required when called:    1
 This function calls:
		Nothing
 This function is called by:
		_init_config
 This function uses a non-reentrant model


 *************** function _init_i2c *****************
 Defined at:
		line 3 in file "i2c.c"
 Parameters:    Size  Location     Type
		None
 Auto vars:     Size  Location     Type
		None
 Return value:  Size  Location     Type
                  1    wreg      void 
 Registers used:
		wreg, status,2
 Tracked objects:
		On entry : 
		On exit  : 
		Unchanged: 
 Data sizes:     COMRAM   BANK0   BANK1   BANK2   BANK3   BANK4   BANK5
      Params:         0       0       0       0       0       0       0
      Locals:         0       0       0       0       0       0       0
      Temps:          0       0       0       0       0       0       0
      Totals:         0       0       0       0       0       0       0
Total ram usage:        0 bytes
 Hardware stack levels used:    1
 Hardware stack levels required when called:    1
 This function calls:
		Nothing
 This function is called by:
		_init_config
 This function uses a non-reentrant model


 *************** function _init_ds1307 *****************
 Defined at:
		line 12 in file "ds1307.c"
 Parameters:    Size  Location     Type
		None
 Auto vars:     Size  Location     Type
  dummy           1   17[COMRAM] unsigned char 
 Return value:  Size  Location     Type
                  1    wreg      void 
 Registers used:
		wreg, status,2, status,0, cstack
 Tracked objects:
		On entry : 
		On exit  : 
		Unchanged: 
 Data sizes:     COMRAM   BANK0   BANK1   BANK2   BANK3   BANK4   BANK5
      Params:         0       0       0       0       0       0       0
      Locals:         1       0       0       0       0       0       0
      Temps:          0       0       0       0       0       0       0
      Totals:         1       0       0       0       0       0       0
Total ram usage:        1 bytes
 Hardware stack levels used:    1
 Hardware stack levels required when called:    5
 This function calls:
		_read_ds1307
		_write_ds1307
 This function is called by:
		_init_config
 This function uses a non-reentrant model


 *************** function _write_ds1307 *****************
 Defined at:
		line 45 in file "ds1307.c"
 Parameters:    Size  Location     Type
  address         1    wreg     unsigned char 
  data            1   15[COMRAM] unsigned char 
 Auto vars:     Size  Location     Type
  address         1   16[COMRAM] unsigned char 
 Return value:  Size  Location     Type
                  1    wreg      void 
 Registers used:
		wreg, status,2, cstack
 Tracked objects:
		On entry : 
		On exit  : 
		Unchanged: 
 Data sizes:     COMRAM   BANK0   BANK1   BANK2   BANK3   BANK4   BANK5
      Params:         1       0       0       0       0       0       0
      Locals:         1       0       0       0       0       0       0
      Temps:          0       0       0       0       0       0       0
      Totals:         2       0       0       0       0       0       0
Total ram usage:        2 bytes
 Hardware stack levels used:    1
 Hardware stack levels required when called:    3
 This function calls:
		_i2c_start
		_i2c_stop
		_i2c_write
 This function is called by:
		_init_ds1307
 This function uses a non-reentrant model


 *************** function _init_clcd *****************
 Defined at:
		line 27 in file "clcd.c"
 Parameters:    Size  Location     Type
		None
 Auto vars:     Size  Location     Type
		None
 Return value:  Size  Location     Type
                  1    wreg      void 
 Registers used:
		wreg, status,2, status,0, cstack
 Tracked objects:
		On entry : 
		On exit  : 
		Unchanged: 
 Data sizes:     COMRAM   BANK0   BANK1   BANK2   BANK3   BANK4   BANK5
      Params:         0       0       0       0       0       0       0
      Locals:         0       0       0       0       0       0       0
      Temps:          0       0       0       0       0       0       0
      Totals:         0       0       0       0       0       0       0
Total ram usage:        0 bytes
 Hardware stack levels used:    1
 Hardware stack levels required when called:    2
 This function calls:
		_clcd_write
 This function is called by:
		_init_config
 This function uses a non-reentrant model


 *************** function _init_adc *****************
 Defined at:
		line 4 in file "adc.c"
 Parameters:    Size  Location     Type
		None
 Auto vars:     Size  Location     Type
		None
 Return value:  Size  Location     Type
                  1    wreg      void 
 Registers used:
		wreg, status,2
 Tracked objects:
		On entry : 
		On exit  : 
		Unchanged: 
 Data sizes:     COMRAM   BANK0   BANK1   BANK2   BANK3   BANK4   BANK5
      Params:         0       0       0       0       0       0       0
      Locals:         0       0       0       0       0       0       0
      Temps:          0       0       0       0       0       0       0
      Totals:         0       0       0       0       0       0       0
Total ram usage:        0 bytes
 Hardware stack levels used:    1
 Hardware stack levels required when called:    1
 This function calls:
		Nothing
 This function is called by:
		_init_config
 This function uses a non-reentrant model


 *************** function _give_password *****************
 Defined at:
		line 183 in file "main.c"
 Parameters:    Size  Location     Type
  key             1    wreg     unsigned char 
 Auto vars:     Size  Location     Type
  key             1   30[COMRAM] unsigned char 
 Return value:  Size  Location     Type
                  1    wreg      void 
 Registers used:
		wreg, fsr0l, fsr0h, fsr1l, fsr1h, fsr2l, fsr2h, status,2, status,0, tblptrl, tblptrh, tblptru, cstack
 Tracked objects:
		On entry : 
		On exit  : 
		Unchanged: 
 Data sizes:     COMRAM   BANK0   BANK1   BANK2   BANK3   BANK4   BANK5
      Params:         0       0       0       0       0       0       0
      Locals:         1       0       0       0       0       0       0
      Temps:          2       0       0       0       0       0       0
      Totals:         3       0       0       0       0       0       0
Total ram usage:        3 bytes
 Hardware stack levels used:    1
 Hardware stack levels required when called:    3
 This function calls:
		___lwdiv
		___lwmod
		_clcd_print
		_clcd_putch
		_clcd_write
		_read_switches
 This function is called by:
		_main
 This function uses a non-reentrant model


 *************** function _get_time *****************
 Defined at:
		line 30 in file "main.c"
 Parameters:    Size  Location     Type
		None
 Auto vars:     Size  Location     Type
		None
 Return value:  Size  Location     Type
                  1    wreg      void 
 Registers used:
		wreg, status,2, status,0, cstack
 Tracked objects:
		On entry : 
		On exit  : 
		Unchanged: 
 Data sizes:     COMRAM   BANK0   BANK1   BANK2   BANK3   BANK4   BANK5
      Params:         0       0       0       0       0       0       0
      Locals:         0       0       0       0       0       0       0
      Temps:          0       0       0       0       0       0       0
      Totals:         0       0       0       0       0       0       0
Total ram usage:        0 bytes
 Hardware stack levels used:    1
 Hardware stack levels required when called:    5
 This function calls:
		_read_ds1307
 This function is called by:
		_main
 This function uses a non-reentrant model


 *************** function _read_ds1307 *****************
 Defined at:
		line 54 in file "ds1307.c"
 Parameters:    Size  Location     Type
  address         1    wreg     unsigned char 
 Auto vars:     Size  Location     Type
  address         1   15[COMRAM] unsigned char 
  data            1   16[COMRAM] unsigned char 
 Return value:  Size  Location     Type
                  1    wreg      unsigned char 
 Registers used:
		wreg, status,2, cstack
 Tracked objects:
		On entry : 
		On exit  : 
		Unchanged: 
 Data sizes:     COMRAM   BANK0   BANK1   BANK2   BANK3   BANK4   BANK5
      Params:         0       0       0       0       0       0       0
      Locals:         2       0       0       0       0       0       0
      Temps:          0       0       0       0       0       0       0
      Totals:         2       0       0       0       0       0       0
Total ram usage:        2 bytes
 Hardware stack levels used:    1
 Hardware stack levels required when called:    4
 This function calls:
		_i2c_read
		_i2c_rep_start
		_i2c_start
		_i2c_stop
		_i2c_write
 This function is called by:
		_get_time
		_init_ds1307
 This function uses a non-reentrant model


 *************** function _display_time *****************
 Defined at:
		line 24 in file "main.c"
 Parameters:    Size  Location     Type
		None
 Auto vars:     Size  Location     Type
		None
 Return value:  Size  Location     Type
                  1    wreg      void 
 Registers used:
		wreg, fsr0l, fsr0h, status,2, status,0, tblptrl, tblptrh, tblptru, cstack
 Tracked objects:
		On entry : 
		On exit  : 
		Unchanged: 
 Data sizes:     COMRAM   BANK0   BANK1   BANK2   BANK3   BANK4   BANK5
      Params:         0       0       0       0       0       0       0
      Locals:         0       0       0       0       0       0       0
      Temps:          0       0       0       0       0       0       0
      Totals:         0       0       0       0       0       0       0
Total ram usage:        0 bytes
 Hardware stack levels used:    1
 Hardware stack levels required when called:    3
 This function calls:
		_clcd_print
 This function is called by:
		_main
 This function uses a non-reentrant model


 *************** function _display_the_event *****************
 Defined at:
		line 117 in file "main.c"
 Parameters:    Size  Location     Type
  key             1    wreg     unsigned char 
 Auto vars:     Size  Location     Type
  key             1   11[BANK0 ] unsigned char 
 Return value:  Size  Location     Type
                  1    wreg      void 
 Registers used:
		wreg, fsr0l, fsr0h, fsr1l, fsr1h, fsr2l, fsr2h, status,2, status,0, tblptrl, tblptrh, tblptru, prodl, prodh, cstack
 Tracked objects:
		On entry : 
		On exit  : 
		Unchanged: 
 Data sizes:     COMRAM   BANK0   BANK1   BANK2   BANK3   BANK4   BANK5
      Params:         0       0       0       0       0       0       0
      Locals:         0       1       0       0       0       0       0
      Temps:          0       0       0       0       0       0       0
      Totals:         0       1       0       0       0       0       0
Total ram usage:        1 bytes
 Hardware stack levels used:    1
 Hardware stack levels required when called:    5
 This function calls:
		___ftdiv
		___fttol
		___lwdiv
		___lwmod
		___lwtoft
		___wmul
		_clcd_print
		_clcd_putch
		_read_adc
		_store_event
 This function is called by:
		_main
 This function uses a non-reentrant model


 *************** function _store_event *****************
 Defined at:
		line 308 in file "main.c"
 Parameters:    Size  Location     Type
  count           2   26[COMRAM] unsigned int 
 Auto vars:     Size  Location     Type
  j               2   31[COMRAM] int 
  i               2   29[COMRAM] int 
 Return value:  Size  Location     Type
                  1    wreg      void 
 Registers used:
		wreg, fsr1l, fsr1h, fsr2l, fsr2h, status,2, status,0, prodl, prodh, cstack
 Tracked objects:
		On entry : 
		On exit  : 
		Unchanged: 
 Data sizes:     COMRAM   BANK0   BANK1   BANK2   BANK3   BANK4   BANK5
      Params:         2       0       0       0       0       0       0
      Locals:         4       0       0       0       0       0       0
      Temps:          1       0       0       0       0       0       0
      Totals:         7       0       0       0       0       0       0
Total ram usage:        7 bytes
 Hardware stack levels used:    1
 Hardware stack levels required when called:    4
 This function calls:
		___lwdiv
		___lwmod
		___wmul
		_write_ext_eeprom
 This function is called by:
		_display_the_event
 This function uses a non-reentrant model


 *************** function _read_adc *****************
 Defined at:
		line 45 in file "adc.c"
 Parameters:    Size  Location     Type
  channel         1    wreg     unsigned char 
 Auto vars:     Size  Location     Type
  channel         1   18[COMRAM] unsigned char 
  reg_val         2   19[COMRAM] unsigned short 
 Return value:  Size  Location     Type
                  2   14[COMRAM] unsigned short 
 Registers used:
		wreg, status,2, status,0
 Tracked objects:
		On entry : 
		On exit  : 
		Unchanged: 
 Data sizes:     COMRAM   BANK0   BANK1   BANK2   BANK3   BANK4   BANK5
      Params:         2       0       0       0       0       0       0
      Locals:         3       0       0       0       0       0       0
      Temps:          2       0       0       0       0       0       0
      Totals:         7       0       0       0       0       0       0
Total ram usage:        7 bytes
 Hardware stack levels used:    1
 Hardware stack levels required when called:    1
 This function calls:
		Nothing
 This function is called by:
		_display_the_event
 This function uses a non-reentrant model


 *************** function ___lwtoft *****************
 Defined at:
		line 28 in file "/opt/microchip/xc8/v1.36/sources/common/lwtoft.c"
 Parameters:    Size  Location     Type
  c               2   22[COMRAM] unsigned int 
 Auto vars:     Size  Location     Type
		None
 Return value:  Size  Location     Type
                  3   22[COMRAM] float 
 Registers used:
		wreg, status,2, status,0, cstack
 Tracked objects:
		On entry : 
		On exit  : 
		Unchanged: 
 Data sizes:     COMRAM   BANK0   BANK1   BANK2   BANK3   BANK4   BANK5
      Params:         3       0       0       0       0       0       0
      Locals:         0       0       0       0       0       0       0
      Temps:          0       0       0       0       0       0       0
      Totals:         3       0       0       0       0       0       0
Total ram usage:        3 bytes
 Hardware stack levels used:    1
 Hardware stack levels required when called:    2
 This function calls:
		___ftpack
 This function is called by:
		_display_the_event
 This function uses a non-reentrant model


 *************** function ___fttol *****************
 Defined at:
		line 44 in file "/opt/microchip/xc8/v1.36/sources/common/fttol.c"
 Parameters:    Size  Location     Type
  f1              3   40[COMRAM] float 
 Auto vars:     Size  Location     Type
  lval            4    6[BANK0 ] unsigned long 
  exp1            1   10[BANK0 ] unsigned char 
  sign1           1    5[BANK0 ] unsigned char 
 Return value:  Size  Location     Type
                  4   40[COMRAM] long 
 Registers used:
		wreg, status,2, status,0
 Tracked objects:
		On entry : 
		On exit  : 
		Unchanged: 
 Data sizes:     COMRAM   BANK0   BANK1   BANK2   BANK3   BANK4   BANK5
      Params:         4       0       0       0       0       0       0
      Locals:         0       6       0       0       0       0       0
      Temps:          0       5       0       0       0       0       0
      Totals:         4      11       0       0       0       0       0
Total ram usage:       15 bytes
 Hardware stack levels used:    1
 Hardware stack levels required when called:    1
 This function calls:
		Nothing
 This function is called by:
		_display_the_event
 This function uses a non-reentrant model


 *************** function ___ftdiv *****************
 Defined at:
		line 54 in file "/opt/microchip/xc8/v1.36/sources/common/ftdiv.c"
 Parameters:    Size  Location     Type
  f1              3   25[COMRAM] float 
  f2              3   28[COMRAM] float 
 Auto vars:     Size  Location     Type
  f3              3   35[COMRAM] float 
  sign            1   39[COMRAM] unsigned char 
  exp             1   38[COMRAM] unsigned char 
  cntr            1   34[COMRAM] unsigned char 
 Return value:  Size  Location     Type
                  3   25[COMRAM] float 
 Registers used:
		wreg, status,2, status,0, cstack
 Tracked objects:
		On entry : 
		On exit  : 
		Unchanged: 
 Data sizes:     COMRAM   BANK0   BANK1   BANK2   BANK3   BANK4   BANK5
      Params:         6       0       0       0       0       0       0
      Locals:         6       0       0       0       0       0       0
      Temps:          3       0       0       0       0       0       0
      Totals:        15       0       0       0       0       0       0
Total ram usage:       15 bytes
 Hardware stack levels used:    1
 Hardware stack levels required when called:    2
 This function calls:
		___ftpack
 This function is called by:
		_display_the_event
 This function uses a non-reentrant model


 *************** function ___ftpack *****************
 Defined at:
		line 62 in file "/opt/microchip/xc8/v1.36/sources/common/float.c"
 Parameters:    Size  Location     Type
  arg             3   14[COMRAM] unsigned um
  exp             1   17[COMRAM] unsigned char 
  sign            1   18[COMRAM] unsigned char 
 Auto vars:     Size  Location     Type
		None
 Return value:  Size  Location     Type
                  3   14[COMRAM] float 
 Registers used:
		wreg, status,2, status,0
 Tracked objects:
		On entry : 
		On exit  : 
		Unchanged: 
 Data sizes:     COMRAM   BANK0   BANK1   BANK2   BANK3   BANK4   BANK5
      Params:         5       0       0       0       0       0       0
      Locals:         0       0       0       0       0       0       0
      Temps:          3       0       0       0       0       0       0
      Totals:         8       0       0       0       0       0       0
Total ram usage:        8 bytes
 Hardware stack levels used:    1
 Hardware stack levels required when called:    1
 This function calls:
		Nothing
 This function is called by:
		___ftdiv
		___lwtoft
 This function uses a non-reentrant model


 *************** function _display_menu *****************
 Defined at:
		line 349 in file "main.c"
 Parameters:    Size  Location     Type
  key             1    wreg     unsigned char 
 Auto vars:     Size  Location     Type
  key             1   32[COMRAM] unsigned char 
 Return value:  Size  Location     Type
                  1    wreg      void 
 Registers used:
		wreg, fsr0l, fsr0h, fsr2l, fsr2h, status,2, status,0, tblptrl, tblptrh, tblptru, prodl, prodh, cstack
 Tracked objects:
		On entry : 
		On exit  : 
		Unchanged: 
 Data sizes:     COMRAM   BANK0   BANK1   BANK2   BANK3   BANK4   BANK5
      Params:         0       0       0       0       0       0       0
      Locals:         1       0       0       0       0       0       0
      Temps:          0       0       0       0       0       0       0
      Totals:         1       0       0       0       0       0       0
Total ram usage:        1 bytes
 Hardware stack levels used:    1
 Hardware stack levels required when called:    6
 This function calls:
		___lwdiv
		___lwmod
		___wmul
		_clcd_print
		_clcd_putch
		_clcd_write
		_log_fun
 This function is called by:
		_main
 This function uses a non-reentrant model


 *************** function _log_fun *****************
 Defined at:
		line 438 in file "main.c"
 Parameters:    Size  Location     Type
  count           2   28[COMRAM] unsigned short 
  limit           2   30[COMRAM] unsigned short 
 Auto vars:     Size  Location     Type
  i               4    8[BANK0 ] long 
  i               4    4[BANK0 ] long 
  i               4    0[BANK0 ] long 
  k               2   16[BANK0 ] int 
  j               2   12[BANK0 ] int 
  i               2   18[BANK0 ] int 
  j               2   14[BANK0 ] int 
 Return value:  Size  Location     Type
                  1    wreg      void 
 Registers used:
		wreg, fsr0l, fsr0h, fsr2l, fsr2h, status,2, status,0, tblptrl, tblptrh, tblptru, prodl, prodh, cstack
 Tracked objects:
		On entry : 
		On exit  : 
		Unchanged: 
 Data sizes:     COMRAM   BANK0   BANK1   BANK2   BANK3   BANK4   BANK5
      Params:         4       0       0       0       0       0       0
      Locals:         0      20       0       0       0       0       0
      Temps:          0       0       0       0       0       0       0
      Totals:         4      20       0       0       0       0       0
Total ram usage:       24 bytes
 Hardware stack levels used:    1
 Hardware stack levels required when called:    5
 This function calls:
		_clcd_print
		_clcd_putch
		_clcd_write
		_init_uart
		_putch
		_puts
		_read_ext_eeprom
		_read_switches
		_write_ext_eeprom
 This function is called by:
		_display_menu
 This function uses a non-reentrant model


 *************** function _write_ext_eeprom *****************
 Defined at:
		line 6 in file "ext_eeprom.c"
 Parameters:    Size  Location     Type
  address         1    wreg     unsigned char 
  data            1   15[COMRAM] unsigned char 
 Auto vars:     Size  Location     Type
  address         1   16[COMRAM] unsigned char 
  wait            2   17[COMRAM] int 
 Return value:  Size  Location     Type
                  1    wreg      void 
 Registers used:
		wreg, status,2, status,0, cstack
 Tracked objects:
		On entry : 
		On exit  : 
		Unchanged: 
 Data sizes:     COMRAM   BANK0   BANK1   BANK2   BANK3   BANK4   BANK5
      Params:         1       0       0       0       0       0       0
      Locals:         3       0       0       0       0       0       0
      Temps:          0       0       0       0       0       0       0
      Totals:         4       0       0       0       0       0       0
Total ram usage:        4 bytes
 Hardware stack levels used:    1
 Hardware stack levels required when called:    3
 This function calls:
		_i2c_start
		_i2c_stop
		_i2c_write
 This function is called by:
		_store_event
		_log_fun
 This function uses a non-reentrant model


 *************** function _read_switches *****************
 Defined at:
		line 88 in file "matrix_keypad.c"
 Parameters:    Size  Location     Type
  detection_ty    1    wreg     unsigned char 
 Auto vars:     Size  Location     Type
  detection_ty    1   14[COMRAM] unsigned char 
 Return value:  Size  Location     Type
                  1    wreg      unsigned char 
 Registers used:
		wreg, status,2, status,0, cstack
 Tracked objects:
		On entry : 
		On exit  : 
		Unchanged: 
 Data sizes:     COMRAM   BANK0   BANK1   BANK2   BANK3   BANK4   BANK5
      Params:         0       0       0       0       0       0       0
      Locals:         1       0       0       0       0       0       0
      Temps:          0       0       0       0       0       0       0
      Totals:         1       0       0       0       0       0       0
Total ram usage:        1 bytes
 Hardware stack levels used:    1
 Hardware stack levels required when called:    2
 This function calls:
		_scan_key
 This function is called by:
		_main
		_give_password
		_log_fun
 This function uses a non-reentrant model


 *************** function _scan_key *****************
 Defined at:
		line 18 in file "matrix_keypad.c"
 Parameters:    Size  Location     Type
		None
 Auto vars:     Size  Location     Type
		None
 Return value:  Size  Location     Type
                  1    wreg      unsigned char 
 Registers used:
		wreg
 Tracked objects:
		On entry : 
		On exit  : 
		Unchanged: 
 Data sizes:     COMRAM   BANK0   BANK1   BANK2   BANK3   BANK4   BANK5
      Params:         0       0       0       0       0       0       0
      Locals:         0       0       0       0       0       0       0
      Temps:          0       0       0       0       0       0       0
      Totals:         0       0       0       0       0       0       0
Total ram usage:        0 bytes
 Hardware stack levels used:    1
 Hardware stack levels required when called:    1
 This function calls:
		Nothing
 This function is called by:
		_read_switches
 This function uses a non-reentrant model


 *************** function _read_ext_eeprom *****************
 Defined at:
		line 16 in file "ext_eeprom.c"
 Parameters:    Size  Location     Type
  address         1    wreg     unsigned char 
 Auto vars:     Size  Location     Type
  address         1   15[COMRAM] unsigned char 
  data            1   16[COMRAM] unsigned char 
 Return value:  Size  Location     Type
                  1    wreg      unsigned char 
 Registers used:
		wreg, status,2, cstack
 Tracked objects:
		On entry : 
		On exit  : 
		Unchanged: 
 Data sizes:     COMRAM   BANK0   BANK1   BANK2   BANK3   BANK4   BANK5
      Params:         0       0       0       0       0       0       0
      Locals:         2       0       0       0       0       0       0
      Temps:          0       0       0       0       0       0       0
      Totals:         2       0       0       0       0       0       0
Total ram usage:        2 bytes
 Hardware stack levels used:    1
 Hardware stack levels required when called:    4
 This function calls:
		_i2c_read
		_i2c_rep_start
		_i2c_start
		_i2c_stop
		_i2c_write
 This function is called by:
		_init_config
		_log_fun
 This function uses a non-reentrant model


 *************** function _i2c_write *****************
 Defined at:
		line 54 in file "i2c.c"
 Parameters:    Size  Location     Type
  data            1    wreg     unsigned char 
 Auto vars:     Size  Location     Type
  data            1   14[COMRAM] unsigned char 
 Return value:  Size  Location     Type
                  1    wreg      void 
 Registers used:
		wreg, cstack
 Tracked objects:
		On entry : 
		On exit  : 
		Unchanged: 
 Data sizes:     COMRAM   BANK0   BANK1   BANK2   BANK3   BANK4   BANK5
      Params:         0       0       0       0       0       0       0
      Locals:         1       0       0       0       0       0       0
      Temps:          0       0       0       0       0       0       0
      Totals:         1       0       0       0       0       0       0
Total ram usage:        1 bytes
 Hardware stack levels used:    1
 Hardware stack levels required when called:    2
 This function calls:
		_i2c_idle
 This function is called by:
		_write_ext_eeprom
		_read_ext_eeprom
		_write_ds1307
		_read_ds1307
 This function uses a non-reentrant model


 *************** function _i2c_stop *****************
 Defined at:
		line 42 in file "i2c.c"
 Parameters:    Size  Location     Type
		None
 Auto vars:     Size  Location     Type
		None
 Return value:  Size  Location     Type
                  1    wreg      void 
 Registers used:
		cstack
 Tracked objects:
		On entry : 
		On exit  : 
		Unchanged: 
 Data sizes:     COMRAM   BANK0   BANK1   BANK2   BANK3   BANK4   BANK5
      Params:         0       0       0       0       0       0       0
      Locals:         0       0       0       0       0       0       0
      Temps:          0       0       0       0       0       0       0
      Totals:         0       0       0       0       0       0       0
Total ram usage:        0 bytes
 Hardware stack levels used:    1
 Hardware stack levels required when called:    2
 This function calls:
		_i2c_idle
 This function is called by:
		_write_ext_eeprom
		_read_ext_eeprom
		_write_ds1307
		_read_ds1307
 This function uses a non-reentrant model


 *************** function _i2c_start *****************
 Defined at:
		line 36 in file "i2c.c"
 Parameters:    Size  Location     Type
		None
 Auto vars:     Size  Location     Type
		None
 Return value:  Size  Location     Type
                  1    wreg      void 
 Registers used:
		cstack
 Tracked objects:
		On entry : 
		On exit  : 
		Unchanged: 
 Data sizes:     COMRAM   BANK0   BANK1   BANK2   BANK3   BANK4   BANK5
      Params:         0       0       0       0       0       0       0
      Locals:         0       0       0       0       0       0       0
      Temps:          0       0       0       0       0       0       0
      Totals:         0       0       0       0       0       0       0
Total ram usage:        0 bytes
 Hardware stack levels used:    1
 Hardware stack levels required when called:    2
 This function calls:
		_i2c_idle
 This function is called by:
		_write_ext_eeprom
		_read_ext_eeprom
		_write_ds1307
		_read_ds1307
 This function uses a non-reentrant model


 *************** function _i2c_rep_start *****************
 Defined at:
		line 48 in file "i2c.c"
 Parameters:    Size  Location     Type
		None
 Auto vars:     Size  Location     Type
		None
 Return value:  Size  Location     Type
                  1    wreg      void 
 Registers used:
		cstack
 Tracked objects:
		On entry : 
		On exit  : 
		Unchanged: 
 Data sizes:     COMRAM   BANK0   BANK1   BANK2   BANK3   BANK4   BANK5
      Params:         0       0       0       0       0       0       0
      Locals:         0       0       0       0       0       0       0
      Temps:          0       0       0       0       0       0       0
      Totals:         0       0       0       0       0       0       0
Total ram usage:        0 bytes
 Hardware stack levels used:    1
 Hardware stack levels required when called:    2
 This function calls:
		_i2c_idle
 This function is called by:
		_read_ext_eeprom
		_read_ds1307
 This function uses a non-reentrant model


 *************** function _i2c_read *****************
 Defined at:
		line 72 in file "i2c.c"
 Parameters:    Size  Location     Type
		None
 Auto vars:     Size  Location     Type
		None
 Return value:  Size  Location     Type
                  1    wreg      unsigned char 
 Registers used:
		wreg, status,2, cstack
 Tracked objects:
		On entry : 
		On exit  : 
		Unchanged: 
 Data sizes:     COMRAM   BANK0   BANK1   BANK2   BANK3   BANK4   BANK5
      Params:         0       0       0       0       0       0       0
      Locals:         0       0       0       0       0       0       0
      Temps:          0       0       0       0       0       0       0
      Totals:         0       0       0       0       0       0       0
Total ram usage:        0 bytes
 Hardware stack levels used:    1
 Hardware stack levels required when called:    3
 This function calls:
		_i2c_rx_mode
 This function is called by:
		_read_ext_eeprom
		_read_ds1307
 This function uses a non-reentrant model


 *************** function _i2c_rx_mode *****************
 Defined at:
		line 60 in file "i2c.c"
 Parameters:    Size  Location     Type
		None
 Auto vars:     Size  Location     Type
		None
 Return value:  Size  Location     Type
                  1    wreg      void 
 Registers used:
		cstack
 Tracked objects:
		On entry : 
		On exit  : 
		Unchanged: 
 Data sizes:     COMRAM   BANK0   BANK1   BANK2   BANK3   BANK4   BANK5
      Params:         0       0       0       0       0       0       0
      Locals:         0       0       0       0       0       0       0
      Temps:          0       0       0       0       0       0       0
      Totals:         0       0       0       0       0       0       0
Total ram usage:        0 bytes
 Hardware stack levels used:    1
 Hardware stack levels required when called:    2
 This function calls:
		_i2c_idle
 This function is called by:
		_i2c_read
 This function uses a non-reentrant model


 *************** function _i2c_idle *****************
 Defined at:
		line 22 in file "i2c.c"
 Parameters:    Size  Location     Type
		None
 Auto vars:     Size  Location     Type
		None
 Return value:  Size  Location     Type
                  1    wreg      void 
 Registers used:
		None
 Tracked objects:
		On entry : 
		On exit  : 
		Unchanged: 
 Data sizes:     COMRAM   BANK0   BANK1   BANK2   BANK3   BANK4   BANK5
      Params:         0       0       0       0       0       0       0
      Locals:         0       0       0       0       0       0       0
      Temps:          0       0       0       0       0       0       0
      Totals:         0       0       0       0       0       0       0
Total ram usage:        0 bytes
 Hardware stack levels used:    1
 Hardware stack levels required when called:    1
 This function calls:
		Nothing
 This function is called by:
		_i2c_start
		_i2c_stop
		_i2c_rep_start
		_i2c_write
		_i2c_rx_mode
 This function uses a non-reentrant model


 *************** function _puts *****************
 Defined at:
		line 89 in file "uart.c"
 Parameters:    Size  Location     Type
  s               2   15[COMRAM] PTR const unsigned char 
		 -> STR_12(3), 
 Auto vars:     Size  Location     Type
		None
 Return value:  Size  Location     Type
                  2   15[COMRAM] int 
 Registers used:
		wreg, status,2, status,0, tblptrl, tblptrh, tblptru, cstack
 Tracked objects:
		On entry : 
		On exit  : 
		Unchanged: 
 Data sizes:     COMRAM   BANK0   BANK1   BANK2   BANK3   BANK4   BANK5
      Params:         2       0       0       0       0       0       0
      Locals:         0       0       0       0       0       0       0
      Temps:          0       0       0       0       0       0       0
      Totals:         2       0       0       0       0       0       0
Total ram usage:        2 bytes
 Hardware stack levels used:    1
 Hardware stack levels required when called:    2
 This function calls:
		_putch
 This function is called by:
		_log_fun
 This function uses a non-reentrant model


 *************** function _putch *****************
 Defined at:
		line 78 in file "uart.c"
 Parameters:    Size  Location     Type
  byte            1    wreg     unsigned char 
 Auto vars:     Size  Location     Type
  byte            1   14[COMRAM] unsigned char 
 Return value:  Size  Location     Type
                  1    wreg      void 
 Registers used:
		wreg
 Tracked objects:
		On entry : 
		On exit  : 
		Unchanged: 
 Data sizes:     COMRAM   BANK0   BANK1   BANK2   BANK3   BANK4   BANK5
      Params:         0       0       0       0       0       0       0
      Locals:         1       0       0       0       0       0       0
      Temps:          0       0       0       0       0       0       0
      Totals:         1       0       0       0       0       0       0
Total ram usage:        1 bytes
 Hardware stack levels used:    1
 Hardware stack levels required when called:    1
 This function calls:
		Nothing
 This function is called by:
		_puts
		_log_fun
		_getche
 This function uses a non-reentrant model


 *************** function _init_uart *****************
 Defined at:
		line 4 in file "uart.c"
 Parameters:    Size  Location     Type
		None
 Auto vars:     Size  Location     Type
		None
 Return value:  Size  Location     Type
                  1    wreg      void 
 Registers used:
		wreg, status,2
 Tracked objects:
		On entry : 
		On exit  : 
		Unchanged: 
 Data sizes:     COMRAM   BANK0   BANK1   BANK2   BANK3   BANK4   BANK5
      Params:         0       0       0       0       0       0       0
      Locals:         0       0       0       0       0       0       0
      Temps:          0       0       0       0       0       0       0
      Totals:         0       0       0       0       0       0       0
Total ram usage:        0 bytes
 Hardware stack levels used:    1
 Hardware stack levels required when called:    1
 This function calls:
		Nothing
 This function is called by:
		_log_fun
 This function uses a non-reentrant model


 *************** function _clcd_putch *****************
 Defined at:
		line 51 in file "clcd.c"
 Parameters:    Size  Location     Type
  data            1    wreg     const unsigned char 
  addr            1   26[COMRAM] unsigned char 
 Auto vars:     Size  Location     Type
  data            1   27[COMRAM] const unsigned char 
 Return value:  Size  Location     Type
                  1    wreg      void 
 Registers used:
		wreg, status,2, cstack
 Tracked objects:
		On entry : 
		On exit  : 
		Unchanged: 
 Data sizes:     COMRAM   BANK0   BANK1   BANK2   BANK3   BANK4   BANK5
      Params:         1       0       0       0       0       0       0
      Locals:         1       0       0       0       0       0       0
      Temps:          0       0       0       0       0       0       0
      Totals:         2       0       0       0       0       0       0
Total ram usage:        2 bytes
 Hardware stack levels used:    1
 Hardware stack levels required when called:    2
 This function calls:
		_clcd_write
 This function is called by:
		_display_the_event
		_give_password
		_display_menu
		_log_fun
 This function uses a non-reentrant model


 *************** function _clcd_print *****************
 Defined at:
		line 42 in file "clcd.c"
 Parameters:    Size  Location     Type
  data            2   20[COMRAM] PTR const unsigned char 
		 -> STR_15(17), STR_14(17), STR_13(17), STR_11(16), 
		 -> menu(85), STR_10(14), STR_9(17), STR_8(17), 
		 -> STR_7(9), STR_6(10), STR_4(16), gear(24), 
		 -> STR_3(3), STR_2(16), STR_1(16), time(9), 
  addr            1   22[COMRAM] unsigned char 
 Auto vars:     Size  Location     Type
		None
 Return value:  Size  Location     Type
                  1    wreg      void 
 Registers used:
		wreg, fsr0l, fsr0h, status,2, status,0, tblptrl, tblptrh, tblptru, cstack
 Tracked objects:
		On entry : 
		On exit  : 
		Unchanged: 
 Data sizes:     COMRAM   BANK0   BANK1   BANK2   BANK3   BANK4   BANK5
      Params:         3       0       0       0       0       0       0
      Locals:         0       0       0       0       0       0       0
      Temps:          0       0       0       0       0       0       0
      Totals:         3       0       0       0       0       0       0
Total ram usage:        3 bytes
 Hardware stack levels used:    1
 Hardware stack levels required when called:    2
 This function calls:
		_clcd_write
 This function is called by:
		_display_time
		_init_config
		_main
		_display_the_event
		_give_password
		_display_menu
		_log_fun
 This function uses a non-reentrant model


 *************** function _clcd_write *****************
 Defined at:
		line 4 in file "clcd.c"
 Parameters:    Size  Location     Type
  byte            1    wreg     unsigned char 
  control_bit     1   14[COMRAM] unsigned char 
 Auto vars:     Size  Location     Type
  byte            1   15[COMRAM] unsigned char 
 Return value:  Size  Location     Type
                  1    wreg      void 
 Registers used:
		wreg
 Tracked objects:
		On entry : 
		On exit  : 
		Unchanged: 
 Data sizes:     COMRAM   BANK0   BANK1   BANK2   BANK3   BANK4   BANK5
      Params:         1       0       0       0       0       0       0
      Locals:         1       0       0       0       0       0       0
      Temps:          0       0       0       0       0       0       0
      Totals:         2       0       0       0       0       0       0
Total ram usage:        2 bytes
 Hardware stack levels used:    1
 Hardware stack levels required when called:    1
 This function calls:
		Nothing
 This function is called by:
		_init_clcd
		_clcd_print
		_clcd_putch
		_give_password
		_display_menu
		_log_fun
 This function uses a non-reentrant model


 *************** function ___wmul *****************
 Defined at:
		line 15 in file "/opt/microchip/xc8/v1.36/sources/common/Umul16.c"
 Parameters:    Size  Location     Type
  multiplier      2   14[COMRAM] unsigned int 
  multiplicand    2   16[COMRAM] unsigned int 
 Auto vars:     Size  Location     Type
  product         2   18[COMRAM] unsigned int 
 Return value:  Size  Location     Type
                  2   14[COMRAM] unsigned int 
 Registers used:
		wreg, status,2, status,0, prodl, prodh
 Tracked objects:
		On entry : 
		On exit  : 
		Unchanged: 
 Data sizes:     COMRAM   BANK0   BANK1   BANK2   BANK3   BANK4   BANK5
      Params:         4       0       0       0       0       0       0
      Locals:         2       0       0       0       0       0       0
      Temps:          0       0       0       0       0       0       0
      Totals:         6       0       0       0       0       0       0
Total ram usage:        6 bytes
 Hardware stack levels used:    1
 Hardware stack levels required when called:    1
 This function calls:
		Nothing
 This function is called by:
		_display_the_event
		_store_event
		_display_menu
 This function uses a non-reentrant model


 *************** function ___lwmod *****************
 Defined at:
		line 8 in file "/opt/microchip/xc8/v1.36/sources/common/lwmod.c"
 Parameters:    Size  Location     Type
  dividend        2   21[COMRAM] unsigned int 
  divisor         2   23[COMRAM] unsigned int 
 Auto vars:     Size  Location     Type
  counter         1   25[COMRAM] unsigned char 
 Return value:  Size  Location     Type
                  2   21[COMRAM] unsigned int 
 Registers used:
		wreg, status,2, status,0
 Tracked objects:
		On entry : 
		On exit  : 
		Unchanged: 
 Data sizes:     COMRAM   BANK0   BANK1   BANK2   BANK3   BANK4   BANK5
      Params:         4       0       0       0       0       0       0
      Locals:         1       0       0       0       0       0       0
      Temps:          0       0       0       0       0       0       0
      Totals:         5       0       0       0       0       0       0
Total ram usage:        5 bytes
 Hardware stack levels used:    1
 Hardware stack levels required when called:    1
 This function calls:
		Nothing
 This function is called by:
		_display_the_event
		_give_password
		_store_event
		_display_menu
 This function uses a non-reentrant model


 *************** function ___lwdiv *****************
 Defined at:
		line 8 in file "/opt/microchip/xc8/v1.36/sources/common/lwdiv.c"
 Parameters:    Size  Location     Type
  dividend        2   14[COMRAM] unsigned int 
  divisor         2   16[COMRAM] unsigned int 
 Auto vars:     Size  Location     Type
  quotient        2   19[COMRAM] unsigned int 
  counter         1   18[COMRAM] unsigned char 
 Return value:  Size  Location     Type
                  2   14[COMRAM] unsigned int 
 Registers used:
		wreg, status,2, status,0
 Tracked objects:
		On entry : 
		On exit  : 
		Unchanged: 
 Data sizes:     COMRAM   BANK0   BANK1   BANK2   BANK3   BANK4   BANK5
      Params:         4       0       0       0       0       0       0
      Locals:         3       0       0       0       0       0       0
      Temps:          0       0       0       0       0       0       0
      Totals:         7       0       0       0       0       0       0
Total ram usage:        7 bytes
 Hardware stack levels used:    1
 Hardware stack levels required when called:    1
 This function calls:
		Nothing
 This function is called by:
		_display_the_event
		_give_password
		_store_event
		_display_menu
 This function uses a non-reentrant model


 *************** function _isr *****************
 Defined at:
		line 7 in file "isr.c"
 Parameters:    Size  Location     Type
		None
 Auto vars:     Size  Location     Type
		None
 Return value:  Size  Location     Type
                  1    wreg      void 
 Registers used:
		wreg, status,2, status,0
 Tracked objects:
		On entry : 
		On exit  : 
		Unchanged: 
 Data sizes:     COMRAM   BANK0   BANK1   BANK2   BANK3   BANK4   BANK5
      Params:         0       0       0       0       0       0       0
      Locals:         0       0       0       0       0       0       0
      Temps:         14       0       0       0       0       0       0
      Totals:        14       0       0       0       0       0       0
Total ram usage:       14 bytes
 Hardware stack levels used:    1
 This function calls:
		Nothing
 This function is called by:
		Interrupt level 2
 This function uses a non-reentrant model



MODULE INFORMATION

Module		Function		Class		Link	Load	Size
matrix_keypad.c
		_init_matrix_keypad		CODE           	2186	0000	19
		_read_switches 		CODE           	1EE4	0000	63
		_scan_key      		CODE           	1C74	0000	121

matrix_keypad.c estimated size: 203

/opt/microchip/xc8/v1.36/sources/common/fttol.c
		___fttol       		CODE           	1756	0000	303

/opt/microchip/xc8/v1.36/sources/common/fttol.c estimated size: 303

uart.c
		_putch         		CODE           	21C2	0000	13
		_init_uart     		CODE           	1F22	0000	63
		_puts          		CODE           	205C	0000	43

uart.c estimated size: 119

/opt/microchip/xc8/v1.36/sources/common/Umul16.c
		___wmul        		CODE           	20AE	0000	39

/opt/microchip/xc8/v1.36/sources/common/Umul16.c estimated size: 39

i2c.c
		_i2c_start     		CODE           	21D6	0000	9
		_i2c_rep_start 		CODE           	21DE	0000	9
		_i2c_idle      		CODE           	21F6	0000	9
		_i2c_write     		CODE           	21B6	0000	13
		_i2c_stop      		CODE           	21CE	0000	9
		_i2c_read      		CODE           	21E6	0000	9
		_init_i2c      		CODE           	2170	0000	23
		_i2c_rx_mode   		CODE           	21EE	0000	9

i2c.c estimated size: 90

timer0.c
		_init_timer0   		CODE           	21AA	0000	13

timer0.c estimated size: 13

ds1307.c
		_read_ds1307   		CODE           	2008	0000	43
		_write_ds1307  		CODE           	213A	0000	31
		_init_ds1307   		CODE           	1E5A	0000	73

ds1307.c estimated size: 147

adc.c
		_init_adc      		CODE           	20F8	0000	35
		_read_adc      		CODE           	1F60	0000	61

adc.c estimated size: 96

/opt/microchip/xc8/v1.36/sources/common/float.c
		___ftpack      		CODE           	196A	0000	175

/opt/microchip/xc8/v1.36/sources/common/float.c estimated size: 175

isr.c
		_isr           		CODE           	0008	0000	187

isr.c estimated size: 187

/opt/microchip/xc8/v1.36/sources/common/lwmod.c
		___lwmod       		CODE           	1EA2	0000	67

/opt/microchip/xc8/v1.36/sources/common/lwmod.c estimated size: 67

shared
		__initialization		CODE           	1BEE	0000	121

shared estimated size: 121

clcd.c
		_clcd_write    		CODE           	2086	0000	41
		_clcd_print    		CODE           	1D52	0000	97
		_clcd_putch    		CODE           	2158	0000	25
		_init_clcd     		CODE           	1F9C	0000	55

clcd.c estimated size: 218

/opt/microchip/xc8/v1.36/sources/common/lwtoft.c
		___lwtoft      		CODE           	20D4	0000	37

/opt/microchip/xc8/v1.36/sources/common/lwtoft.c estimated size: 37

ext_eeprom.c
		_write_ext_eeprom		CODE           	1FD2	0000	55
		_read_ext_eeprom		CODE           	2032	0000	43

ext_eeprom.c estimated size: 98

main.c
		_display_time  		CODE           	2198	0000	19
		_display_menu  		CODE           	0FEC	0000	887
		_main          		CODE           	1AC4	0000	155
		_display_the_event		CODE           	1362	0000	567
		_get_time      		CODE           	1B5E	0000	145
		_log_fun       		CODE           	06AE	0000	1413
		_init_config   		CODE           	1CEC	0000	103
		_give_password 		CODE           	0C32	0000	955
		_store_event   		CODE           	1598	0000	447

main.c estimated size: 4691

/opt/microchip/xc8/v1.36/sources/common/ftdiv.c
		___ftdiv       		CODE           	1884	0000	231

/opt/microchip/xc8/v1.36/sources/common/ftdiv.c estimated size: 231

/opt/microchip/xc8/v1.36/sources/common/lwdiv.c
		___lwdiv       		CODE           	1E08	0000	83

/opt/microchip/xc8/v1.36/sources/common/lwdiv.c estimated size: 83

