Microchip MPLAB XC8 Compiler V1.36 ()

Linker command line:

--edf=/opt/microchip/xc8/v1.36/dat/en_msgs.txt -cs -h+pic18F4580.sym \
  --cmf=pic18F4580.cmf -z -Q18F4580 -o/tmp/xcX1glTz4 -Mpic18F4580.map \
  -ver=XC8 -ASTACK=060h-05ffh -pstack=STACK -ACODE=00h-03000h \
  -ACONST=00h-03000h -ASMALLCONST=0600h-06FFhx42,03000h-03000h \
  -AMEDIUMCONST=0600h-03000h -ACOMRAM=01h-05Fh -AABS1=00h-05FFh \
  -ABIGRAM=01h-05FFh -ARAM=060h-0FFh,0100h-01FFhx5 -ABANK0=060h-0FFh \
  -ABANK1=0100h-01FFh -ABANK2=0200h-02FFh -ABANK3=0300h-03FFh \
  -ABANK4=0400h-04FFh -ABANK5=0500h-05FFh \
  -ASFR=0D00h-0DFFhx2,0F00h-0F5Fh,0F60h-0FFFh \
  -preset_vec=00h,intcode,intcodelo,powerup,init,end_init -pramtop=0600h \
  -psmallconst=SMALLCONST -pmediumconst=MEDIUMCONST -pconst=CONST \
  -AFARRAM=00h-00h -ACONFIG=0300000h-030000Dh -pconfig=CONFIG \
  -AIDLOC=0200000h-0200007h -pidloc=IDLOC -AEEDATA=0F00000h-0F000FFh \
  -peeprom_data=EEDATA \
  -prdata=COMRAM,nvrram=COMRAM,nvbit=COMRAM,rbss=COMRAM,rbit=COMRAM \
  -pfarbss=FARRAM,fardata=FARRAM,nvFARRAM=FARRAM \
  -pintsave_regs=BIGRAM,bigbss=BIGRAM,bigdata=BIGRAM -pbss=RAM \
  -pidata=CODE,irdata=CODE,ibigdata=CODE,ifardata=CODE -prparam=COMRAM \
  startup.obj pic18F4580.obj 

Object code version is 3.11

Machine type is 18F4580

Call graph: (short form)




                Name                               Link     Load   Length Selector   Space Scale
startup.obj     end_init                              0        0        4        0       0
pic18F4580.obj  text6                              2F84     2F84       16     17C2       0
                text5                              2F60     2F60        8     17B0       0
                text4                              2F68     2F68        8     17B4       0
                text3                              2F70     2F70        8     17B8       0
                text2                              2F78     2F78        C     17BC       0
                text1                              2FCA     2FCA       36     17E5       0
                text0                              2F9A     2F9A       30     17CD       0
                cstackCOMRAM                          1        1        5        1       1
                cinit                              2F5A     2F5A        6     17AD       0

TOTAL           Name                               Link     Load   Length     Space
        CLASS   STACK          

        CLASS   CODE           
                end_init                              0        0        4         0
                text6                              2F84     2F84       16         0
                text5                              2F60     2F60        8         0
                text4                              2F68     2F68        8         0
                text3                              2F70     2F70        8         0
                text2                              2F78     2F78        C         0
                text1                              2FCA     2FCA       36         0
                text0                              2F9A     2F9A       30         0
                cinit                              2F5A     2F5A        6         0

        CLASS   CONST          

        CLASS   SMALLCONST     

        CLASS   MEDIUMCONST    

        CLASS   COMRAM         
                cstackCOMRAM                          1        1        5         1

        CLASS   ABS1           

        CLASS   BIGRAM         

        CLASS   RAM            

        CLASS   BANK0          

        CLASS   BANK1          

        CLASS   BANK2          

        CLASS   BANK3          

        CLASS   BANK4          

        CLASS   BANK5          

        CLASS   SFR            

        CLASS   FARRAM         

        CLASS   CONFIG         

        CLASS   IDLOC          

        CLASS   EEDATA         



SEGMENTS        Name                           Load    Length   Top    Selector   Space  Class

                reset_vec                      000000  000004  000004         0       0  CODE    
                cstackCOMRAM                   000001  000005  000006         1       1  COMRAM  
                cinit                          002F5A  000006  002F60      17AD       0  CODE    
                text5                          002F60  000008  002F68      17B0       0  CODE    
                text4                          002F68  000008  002F70      17B4       0  CODE    
                text3                          002F70  000008  002F78      17B8       0  CODE    
                text2                          002F78  00000C  002F84      17BC       0  CODE    
                text6                          002F84  000016  002F9A      17C2       0  CODE    
                text0                          002F9A  000030  002FCA      17CD       0  CODE    
                text1                          002FCA  000036  003000      17E5       0  CODE    


UNUSED ADDRESS RANGES

        Name                Unused          Largest block    Delta
        BANK0            0060-00FF             A0
        BANK1            0100-01FF            100
        BANK2            0200-02FF            100
        BANK3            0300-03FF            100
        BANK4            0400-04FF            100
        BANK5            0500-05FF            100
        BIGRAM           0006-05FF            5FA
        CODE             0004-2F59           2F56
                         3000-3000              1
        COMRAM           0006-005F             5A
        CONFIG           300000-30000D              E
        CONST            0004-2F59           2F56
                         3000-3000              1
        EEDATA           F00000-F000FF            100
        IDLOC            200000-200007              8
        MEDIUMCONST      0600-2F59           295A
                         3000-3000              1
        RAM              0060-05FF            100
        SFR              0D00-0FFF            100
        SMALLCONST       0600-2F59            100
                         3000-3000              1
        STACK            0060-05FF            5A0

                                  Symbol Table

_ACKDT                     (abs)        7E2D
_ACKEN                     (abs)        7E2C
_ACKSTAT                   (abs)        7E2E
_BCLIF                     (abs)        7D0B
_CKE                       (abs)        7E3E
_PEN                       (abs)        7E2A
_RCEN                      (abs)        7E2B
_RSEN                      (abs)        7E29
_SEN                       (abs)        7E28
_SMP                       (abs)        7E3F
_SSPADD                    (abs)        0FC8
_SSPBUF                    (abs)        0FC9
_SSPCON1                   (abs)        0FC6
_SSPIF                     (abs)        7CF3
_TRISC3                    (abs)        7CA3
_TRISC4                    (abs)        7CA4
__HRAM                     (abs)        0000
__Habs1                    abs1         0000
__Hbank0                   bank0        0000
__Hbank1                   bank1        0000
__Hbank2                   bank2        0000
__Hbank3                   bank3        0000
__Hbank4                   bank4        0000
__Hbank5                   bank5        0000
__Hbigbss                  bigbss       0000
__Hbigdata                 bigdata      0000
__Hbigram                  bigram       0000
__Hbss                     bss          0000
__Hcinit                   cinit        0000
__Hclrtext                 clrtext      0000
__Hcomram                  comram       0000
__Hconfig                  config       0000
__Hconst                   const        0000
__HcstackCOMRAM            cstackCOMRAM 0000
__Hdata                    data         0000
__Heeprom_data             eeprom_data  0000
__Hend_init                end_init     0004
__Hfarbss                  farbss       0000
__Hfardata                 fardata      0000
__Hibigdata                ibigdata     0000
__Hidata                   idata        0000
__Hidloc                   idloc        0000
__Hifardata                ifardata     0000
__Hinit                    init         0000
__Hintcode                 intcode      0000
__Hintcode_body            intcode_body 0000
__Hintcodelo               intcodelo    0000
__Hintentry                intentry     0000
__Hintret                  intret       0000
__Hintsave_regs            intsave_regs 0000
__Hirdata                  irdata       0000
__Hmediumconst             mediumconst  0000
__HnvFARRAM                nvFARRAM     0000
__Hnvbit                   nvbit        0000
__Hnvrram                  nvrram       0000
__Hparam                   rparam       0000
__Hpowerup                 powerup      0000
__Hram                     ram          0000
__Hramtop                  ramtop       0600
__Hrbit                    rbit         0000
__Hrbss                    rbss         0000
__Hrdata                   rdata        0000
__Hreset_vec               reset_vec    0000
__Hrparam                  rparam       0000
__Hsfr                     sfr          0000
__Hsmallconst              smallconst   0000
__Hspace_0                 (abs)        3000
__Hspace_1                 (abs)        0006
__Hspace_2                 (abs)        0000
__Hstack                   stack        0000
__Hstruct                  struct       0000
__Htemp                    temp         0000
__Htext                    text         0000
__Htext0                   text0        0000
__Htext1                   text1        0000
__Htext2                   text2        0000
__Htext3                   text3        0000
__Htext4                   text4        0000
__Htext5                   text5        0000
__Htext6                   text6        0000
__LRAM                     (abs)        0001
__Labs1                    abs1         0000
__Lbank0                   bank0        0000
__Lbank1                   bank1        0000
__Lbank2                   bank2        0000
__Lbank3                   bank3        0000
__Lbank4                   bank4        0000
__Lbank5                   bank5        0000
__Lbigbss                  bigbss       0000
__Lbigdata                 bigdata      0000
__Lbigram                  bigram       0000
__Lbss                     bss          0000
__Lcinit                   cinit        0000
__Lclrtext                 clrtext      0000
__Lcomram                  comram       0000
__Lconfig                  config       0000
__Lconst                   const        0000
__LcstackCOMRAM            cstackCOMRAM 0000
__Ldata                    data         0000
__Leeprom_data             eeprom_data  0000
__Lend_init                end_init     0000
__Lfarbss                  farbss       0000
__Lfardata                 fardata      0000
__Libigdata                ibigdata     0000
__Lidata                   idata        0000
__Lidloc                   idloc        0000
__Lifardata                ifardata     0000
__Linit                    init         0000
__Lintcode                 intcode      0000
__Lintcode_body            intcode_body 0000
__Lintcodelo               intcodelo    0000
__Lintentry                intentry     0000
__Lintret                  intret       0000
__Lintsave_regs            intsave_regs 0000
__Lirdata                  irdata       0000
__Lmediumconst             mediumconst  0000
__LnvFARRAM                nvFARRAM     0000
__Lnvbit                   nvbit        0000
__Lnvrram                  nvrram       0000
__Lparam                   rparam       0000
__Lpowerup                 powerup      0000
__Lram                     ram          0000
__Lramtop                  ramtop       0600
__Lrbit                    rbit         0000
__Lrbss                    rbss         0000
__Lrdata                   rdata        0000
__Lreset_vec               reset_vec    0000
__Lrparam                  rparam       0000
__Lsfr                     sfr          0000
__Lsmallconst              smallconst   0000
__Lspace_0                 (abs)        0000
__Lspace_1                 (abs)        0000
__Lspace_2                 (abs)        0000
__Lstack                   stack        0000
__Lstruct                  struct       0000
__Ltemp                    temp         0000
__Ltext                    text         0000
__Ltext0                   text0        0000
__Ltext1                   text1        0000
__Ltext2                   text2        0000
__Ltext3                   text3        0000
__Ltext4                   text4        0000
__Ltext5                   text5        0000
__Ltext6                   text6        0000
__S0                       (abs)        3000
__S1                       (abs)        0006
__S2                       (abs)        0000
___inthi_sp                stack        0000
___intlo_sp                stack        0000
___param_bank              (abs)        0010
___rparam_used             (abs)        0001
___sp                      stack        0000
__accesstop                (abs)        0060
__activetblptr             (abs)        0000
__end_of__initialization   cinit        2F5A
__end_of_i2c_idle          text5        2F68
__end_of_i2c_start         text4        2F70
__end_of_i2c_stop          text3        2F78
__end_of_i2c_write         text2        2F84
__end_of_init_i2c          text6        2F9A
__end_of_main              text0        2FCA
__end_of_write_ext_eeprom  text1        3000
__initialization           cinit        2F5A
__mediumconst              mediumconst  0000
__pcinit                   cinit        2F5A
__pcstackCOMRAM            cstackCOMRAM 0001
__ptext0                   text0        2F9A
__ptext1                   text1        2FCA
__ptext2                   text2        2F78
__ptext3                   text3        2F70
__ptext4                   text4        2F68
__ptext5                   text5        2F60
__ptext6                   text6        2F84
__ramtop                   ramtop       0600
__size_of_i2c_idle         (abs)        0000
__size_of_i2c_start        (abs)        0000
__size_of_i2c_stop         (abs)        0000
__size_of_i2c_write        (abs)        0000
__size_of_init_i2c         (abs)        0000
__size_of_main             (abs)        0000
__size_of_write_ext_eeprom (abs)        0000
__smallconst               smallconst   0000
_i2c_idle                  text5        2F60
_i2c_start                 text4        2F68
_i2c_stop                  text3        2F70
_i2c_write                 text2        2F78
_init_i2c                  text6        2F84
_main                      text0        2F9A
_write_ext_eeprom          text1        2FCA
end_of_initialization      cinit        2F5A
i2c_write@data             cstackCOMRAM 0001
intlevel0                  text         0000
intlevel1                  text         0000
intlevel2                  text         0000
intlevel3                  text         0000
stackhi                    (abs)        05FF
stacklo                    (abs)        0060
start                      init         0000
start_initialization       cinit        2F5A
write_ext_eeprom@address   cstackCOMRAM 0005
write_ext_eeprom@data      cstackCOMRAM 0002
write_ext_eeprom@wait      cstackCOMRAM 0003


FUNCTION INFORMATION:

 *************** function _main *****************
 Defined at:
		line 4 in file "main.c"
 Parameters:    Size  Location     Type
		None
 Auto vars:     Size  Location     Type
		None
 Return value:  Size  Location     Type
                  1    wreg      void 
 Registers used:
		wreg, status,2, status,0, cstack
 Tracked objects:
		On entry : 
		On exit  : 
		Unchanged: 
 Data sizes:     COMRAM   BANK0   BANK1   BANK2   BANK3   BANK4   BANK5
      Params:         0       0       0       0       0       0       0
      Locals:         0       0       0       0       0       0       0
      Temps:          0       0       0       0       0       0       0
      Totals:         0       0       0       0       0       0       0
Total ram usage:        0 bytes
 Hardware stack levels required when called:    3
 This function calls:
		_init_i2c
		_write_ext_eeprom
 This function is called by:
		Startup code after reset
 This function uses a non-reentrant model


 *************** function _write_ext_eeprom *****************
 Defined at:
		line 5 in file "ext_eeprom.c"
 Parameters:    Size  Location     Type
  address         1    wreg     unsigned char 
  data            1    1[COMRAM] unsigned char 
 Auto vars:     Size  Location     Type
  address         1    4[COMRAM] unsigned char 
  wait            2    2[COMRAM] int 
 Return value:  Size  Location     Type
                  1    wreg      void 
 Registers used:
		wreg, status,2, status,0, cstack
 Tracked objects:
		On entry : 
		On exit  : 
		Unchanged: 
 Data sizes:     COMRAM   BANK0   BANK1   BANK2   BANK3   BANK4   BANK5
      Params:         1       0       0       0       0       0       0
      Locals:         3       0       0       0       0       0       0
      Temps:          0       0       0       0       0       0       0
      Totals:         4       0       0       0       0       0       0
Total ram usage:        4 bytes
 Hardware stack levels used:    1
 Hardware stack levels required when called:    2
 This function calls:
		_i2c_start
		_i2c_stop
		_i2c_write
 This function is called by:
		_main
 This function uses a non-reentrant model


 *************** function _i2c_write *****************
 Defined at:
		line 54 in file "i2c.c"
 Parameters:    Size  Location     Type
  data            1    wreg     unsigned char 
 Auto vars:     Size  Location     Type
  data            1    0[COMRAM] unsigned char 
 Return value:  Size  Location     Type
                  1    wreg      void 
 Registers used:
		wreg, cstack
 Tracked objects:
		On entry : 
		On exit  : 
		Unchanged: 
 Data sizes:     COMRAM   BANK0   BANK1   BANK2   BANK3   BANK4   BANK5
      Params:         0       0       0       0       0       0       0
      Locals:         1       0       0       0       0       0       0
      Temps:          0       0       0       0       0       0       0
      Totals:         1       0       0       0       0       0       0
Total ram usage:        1 bytes
 Hardware stack levels used:    1
 Hardware stack levels required when called:    1
 This function calls:
		_i2c_idle
 This function is called by:
		_write_ext_eeprom
		_read_ext_eeprom
 This function uses a non-reentrant model


 *************** function _i2c_stop *****************
 Defined at:
		line 42 in file "i2c.c"
 Parameters:    Size  Location     Type
		None
 Auto vars:     Size  Location     Type
		None
 Return value:  Size  Location     Type
                  1    wreg      void 
 Registers used:
		cstack
 Tracked objects:
		On entry : 
		On exit  : 
		Unchanged: 
 Data sizes:     COMRAM   BANK0   BANK1   BANK2   BANK3   BANK4   BANK5
      Params:         0       0       0       0       0       0       0
      Locals:         0       0       0       0       0       0       0
      Temps:          0       0       0       0       0       0       0
      Totals:         0       0       0       0       0       0       0
Total ram usage:        0 bytes
 Hardware stack levels used:    1
 Hardware stack levels required when called:    1
 This function calls:
		_i2c_idle
 This function is called by:
		_write_ext_eeprom
		_read_ext_eeprom
 This function uses a non-reentrant model


 *************** function _i2c_start *****************
 Defined at:
		line 36 in file "i2c.c"
 Parameters:    Size  Location     Type
		None
 Auto vars:     Size  Location     Type
		None
 Return value:  Size  Location     Type
                  1    wreg      void 
 Registers used:
		cstack
 Tracked objects:
		On entry : 
		On exit  : 
		Unchanged: 
 Data sizes:     COMRAM   BANK0   BANK1   BANK2   BANK3   BANK4   BANK5
      Params:         0       0       0       0       0       0       0
      Locals:         0       0       0       0       0       0       0
      Temps:          0       0       0       0       0       0       0
      Totals:         0       0       0       0       0       0       0
Total ram usage:        0 bytes
 Hardware stack levels used:    1
 Hardware stack levels required when called:    1
 This function calls:
		_i2c_idle
 This function is called by:
		_write_ext_eeprom
		_read_ext_eeprom
 This function uses a non-reentrant model


 *************** function _i2c_idle *****************
 Defined at:
		line 22 in file "i2c.c"
 Parameters:    Size  Location     Type
		None
 Auto vars:     Size  Location     Type
		None
 Return value:  Size  Location     Type
                  1    wreg      void 
 Registers used:
		None
 Tracked objects:
		On entry : 
		On exit  : 
		Unchanged: 
 Data sizes:     COMRAM   BANK0   BANK1   BANK2   BANK3   BANK4   BANK5
      Params:         0       0       0       0       0       0       0
      Locals:         0       0       0       0       0       0       0
      Temps:          0       0       0       0       0       0       0
      Totals:         0       0       0       0       0       0       0
Total ram usage:        0 bytes
 Hardware stack levels used:    1
 This function calls:
		Nothing
 This function is called by:
		_i2c_start
		_i2c_stop
		_i2c_write
		_i2c_rep_start
		_i2c_rx_mode
 This function uses a non-reentrant model


 *************** function _init_i2c *****************
 Defined at:
		line 3 in file "i2c.c"
 Parameters:    Size  Location     Type
		None
 Auto vars:     Size  Location     Type
		None
 Return value:  Size  Location     Type
                  1    wreg      void 
 Registers used:
		wreg, status,2
 Tracked objects:
		On entry : 
		On exit  : 
		Unchanged: 
 Data sizes:     COMRAM   BANK0   BANK1   BANK2   BANK3   BANK4   BANK5
      Params:         0       0       0       0       0       0       0
      Locals:         0       0       0       0       0       0       0
      Temps:          0       0       0       0       0       0       0
      Totals:         0       0       0       0       0       0       0
Total ram usage:        0 bytes
 Hardware stack levels used:    1
 This function calls:
		Nothing
 This function is called by:
		_main
 This function uses a non-reentrant model



MODULE INFORMATION

Module		Function		Class		Link	Load	Size
i2c.c
		_i2c_start     		CODE           	2F68	0000	9
		_i2c_idle      		CODE           	2F60	0000	9
		_i2c_write     		CODE           	2F78	0000	13
		_i2c_stop      		CODE           	2F70	0000	9
		_init_i2c      		CODE           	2F84	0000	23

i2c.c estimated size: 63

shared
		__initialization		CODE           	2F5A	0000	1

shared estimated size: 1

ext_eeprom.c
		_write_ext_eeprom		CODE           	2FCA	0000	55

ext_eeprom.c estimated size: 55

main.c
		_main          		CODE           	2F9A	0000	49

main.c estimated size: 49

